[healthadmin.thememinister.com/index.html]
[backblue.gif]
[fade.gif]
[index.html]
[healthadmin.thememinister.com/assets/dist/img/ico/favicon.png]
[healthadmin.thememinister.com/assets/bootstrap/css/bootstrap.min.css]
[healthadmin.thememinister.com/assets/plugins/jquery-ui-1.12.1/jquery-ui.min.css]
[healthadmin.thememinister.com/assets/plugins/lobipanel/lobipanel.min.css]
[healthadmin.thememinister.com/assets/plugins/pace/flash.css]
[healthadmin.thememinister.com/assets/font-awesome/css/font-awesome.min.css]
[healthadmin.thememinister.com/assets/pe-icon-7-stroke/css/pe-icon-7-stroke.css]
[healthadmin.thememinister.com/assets/themify-icons/themify-icons.css]
[healthadmin.thememinister.com/assets/plugins/toastr/toastr.css]
[healthadmin.thememinister.com/assets/plugins/emojionearea/emojionearea.min.css]
[healthadmin.thememinister.com/assets/plugins/monthly/monthly.css]
[healthadmin.thememinister.com/assets/dist/css/stylehealth.min.css]
[healthadmin.thememinister.com/assets/dist/img/mini-logo.png]
[healthadmin.thememinister.com/index-2.html]
[healthadmin.thememinister.com/assets/dist/img/logo.png]
[healthadmin.thememinister.com/assets/dist/img/stethescope.png]
[healthadmin.thememinister.com/assets/dist/img/nocontrol.png]
[healthadmin.thememinister.com/assets/dist/img/lab.png]
[healthadmin.thememinister.com/assets/dist/img/therm.jpg]
[healthadmin.thememinister.com/assets/dist/img/avatar2.png]
[healthadmin.thememinister.com/assets/dist/img/avatar4.png]
[healthadmin.thememinister.com/assets/dist/img/avatar3.png]
[healthadmin.thememinister.com/profile.html]
[healthadmin.thememinister.com/login.html]
[healthadmin.thememinister.com/assets/dist/img/avatar5.png]
[healthadmin.thememinister.com/forms_basic.html]
[healthadmin.thememinister.com/table.html]
[healthadmin.thememinister.com/add-patient.html]
[healthadmin.thememinister.com/pt-list.html]
[healthadmin.thememinister.com/add-department.html]
[healthadmin.thememinister.com/dep-list.html]
[healthadmin.thememinister.com/add-schedule.html]
[healthadmin.thememinister.com/sch-list.html]
[healthadmin.thememinister.com/add-app.html]
[healthadmin.thememinister.com/app-list.html]
[healthadmin.thememinister.com/add-payment.html]
[healthadmin.thememinister.com/pay-list.html]
[healthadmin.thememinister.com/patient-wise-report.html]
[healthadmin.thememinister.com/doctor-wise-report.html]
[healthadmin.thememinister.com/total-report.html]
[healthadmin.thememinister.com/add-emp.html]
[healthadmin.thememinister.com/widgets.html]
[healthadmin.thememinister.com/emp-list.html]
[healthadmin.thememinister.com/add-ns.html]
[healthadmin.thememinister.com/ns-list.html]
[healthadmin.thememinister.com/add-ph.html]
[healthadmin.thememinister.com/ph-list.html]
[healthadmin.thememinister.com/add-rep.html]
[healthadmin.thememinister.com/rep-list.html]
[healthadmin.thememinister.com/add-bed.html]
[healthadmin.thememinister.com/bed-list.html]
[healthadmin.thememinister.com/add-notice.html]
[healthadmin.thememinister.com/not-list.html]
[healthadmin.thememinister.com/mailbox.html]
[healthadmin.thememinister.com/register.html]
[healthadmin.thememinister.com/forget_password.html]
[healthadmin.thememinister.com/lockscreen.html]
[healthadmin.thememinister.com/404.html]
[healthadmin.thememinister.com/505.html]
[healthadmin.thememinister.com/blank.html]
[healthadmin.thememinister.com/calender.html]
[healthadmin.thememinister.com/panels.html]
[healthadmin.thememinister.com/buttons.html]
[healthadmin.thememinister.com/typography.html]
[healthadmin.thememinister.com/tabs.html]
[healthadmin.thememinister.com/notification.html]
[healthadmin.thememinister.com/gridSystem.html]
[healthadmin.thememinister.com/slider.html]
[healthadmin.thememinister.com/timeline.html]
[healthadmin.thememinister.com/icons_fontawesome.html]
[healthadmin.thememinister.com/invoice.html]
[healthadmin.thememinister.com/labels-badges-alerts.html]
[healthadmin.thememinister.com/progressbars.html]
[healthadmin.thememinister.com/modals.html]
[healthadmin.thememinister.com/layout_fixed.html]
[healthadmin.thememinister.com/layout_boxed.html]
[healthadmin.thememinister.com/layout_collapsed_sidebar.html]
[healthadmin.thememinister.com/assets/plugins/lobipanel/lobipanel.min.js]
[healthadmin.thememinister.com/assets/bootstrap/js/bootstrap.min.js]
[healthadmin.thememinister.com/assets/plugins/pace/pace.min.js]
[healthadmin.thememinister.com/assets/plugins/slimScroll/jquery.slimscroll.min.js]
[healthadmin.thememinister.com/assets/plugins/jQuery/jquery-1.12.4.min.js]
[healthadmin.thememinister.com/assets/plugins/fastclick/fastclick.min.js]
[healthadmin.thememinister.com/assets/dist/js/custom1.js]
[healthadmin.thememinister.com/assets/plugins/toastr/toastr.min.js]
[healthadmin.thememinister.com/assets/plugins/datamaps/topojson.min.js]
[healthadmin.thememinister.com/assets/plugins/sparkline/sparkline.min.js]
[healthadmin.thememinister.com/assets/plugins/jquery-ui-1.12.1/jquery-ui.min.js]
[healthadmin.thememinister.com/assets/plugins/counterup/waypoints.js]
[healthadmin.thememinister.com/assets/plugins/counterup/jquery.counterup.min.js]
[healthadmin.thememinister.com/assets/plugins/emojionearea/emojionearea.min.js]
[healthadmin.thememinister.com/assets/plugins/monthly/monthly.js]
[healthadmin.thememinister.com/assets/plugins/datamaps/d3.min.js]
[healthadmin.thememinister.com/assets/plugins/datamaps/datamaps.all.min.js]
[healthadmin.thememinister.com/index.html]
[healthadmin.thememinister.com/assets/plugins/jquery-ui-1.12.1/jquery-ui.min.css]
[healthadmin.thememinister.com/assets/dist/js/custom.js]
[healthadmin.thememinister.com/assets/plugins/chartJs/Chart.min.js]
[healthadmin.thememinister.com/assets/bootstrap/fonts/glyphicons-halflings-regular.woff2]
[healthadmin.thememinister.com/assets/bootstrap/fonts/glyphicons-halflings-regular.eot]
[healthadmin.thememinister.com/assets/bootstrap/fonts/glyphicons-halflings-regular.woff]
[healthadmin.thememinister.com/assets/bootstrap/fonts/glyphicons-halflings-regulard41d.eot]
[healthadmin.thememinister.com/assets/bootstrap/css/bootstrap.min.css]
[healthadmin.thememinister.com/assets/plugins/lobipanel/lobipanel.min.css]
[healthadmin.thememinister.com/assets/plugins/pace/flash.css]
[healthadmin.thememinister.com/assets/bootstrap/fonts/glyphicons-halflings-regular.svg]
[healthadmin.thememinister.com/assets/bootstrap/fonts/glyphicons-halflings-regular.ttf]
[healthadmin.thememinister.com/assets/font-awesome/fonts/fontawesome-webfont3e6e.woff2]
[healthadmin.thememinister.com/assets/font-awesome/fonts/fontawesome-webfont3e6e.woff]
[healthadmin.thememinister.com/assets/font-awesome/fonts/fontawesome-webfont3e6e.eot]
[healthadmin.thememinister.com/assets/font-awesome/fonts/fontawesome-webfontd41d.eot]
[healthadmin.thememinister.com/assets/font-awesome/css/font-awesome.min.css]
[healthadmin.thememinister.com/assets/font-awesome/fonts/fontawesome-webfont3e6e.svg]
[healthadmin.thememinister.com/assets/pe-icon-7-stroke/fonts/Pe-icon-7-strokebb1d.woff]
[healthadmin.thememinister.com/assets/pe-icon-7-stroke/fonts/Pe-icon-7-strokebb1d.eot]
[healthadmin.thememinister.com/assets/pe-icon-7-stroke/fonts/Pe-icon-7-stroked41d.eot]
[healthadmin.thememinister.com/assets/pe-icon-7-stroke/fonts/Pe-icon-7-strokebb1d.svg]
[healthadmin.thememinister.com/assets/pe-icon-7-stroke/css/pe-icon-7-stroke.css]
[healthadmin.thememinister.com/assets/pe-icon-7-stroke/fonts/Pe-icon-7-strokebb1d.ttf]
[healthadmin.thememinister.com/assets/themify-icons/fonts/themify9f24.woff]
[healthadmin.thememinister.com/assets/font-awesome/fonts/fontawesome-webfont3e6e.ttf]
[healthadmin.thememinister.com/assets/themify-icons/fonts/themify9f24.eot]
[healthadmin.thememinister.com/assets/themify-icons/fonts/themify9f24.svg]
[healthadmin.thememinister.com/assets/themify-icons/themify-icons.css]
[healthadmin.thememinister.com/assets/plugins/toastr/toastr.css]
[healthadmin.thememinister.com/assets/plugins/emojionearea/emojionearea.min.css]
[healthadmin.thememinister.com/assets/plugins/monthly/monthly.css]
[healthadmin.thememinister.com/assets/themify-icons/fonts/themifyd41d.eot]
[healthadmin.thememinister.com/assets/themify-icons/fonts/themify9f24.ttf]
[healthadmin.thememinister.com/assets/dist/img/boxed-bg.jpg]
[healthadmin.thememinister.com/assets/dist/img/profile-bg.jpg]
[healthadmin.thememinister.com/assets/dist/img/avatar.png]
[healthadmin.thememinister.com/assets/dist/img/twitter_corner_black.png]
[healthadmin.thememinister.com/assets/dist/img/The-Lion-King-Desktop-1024x640.jpg]
[healthadmin.thememinister.com/assets/dist/css/stylehealth.min.css]
[healthadmin.thememinister.com/index-2.html]
[healthadmin.thememinister.com/profile.html]
[healthadmin.thememinister.com/login.html]
[healthadmin.thememinister.com/assets/plugins/bootstrap-wysihtml5/bootstrap-wysihtml5.css]
[healthadmin.thememinister.com/forms_basic.html]
[healthadmin.thememinister.com/assets/dist/img/d3.png]
[healthadmin.thememinister.com/cdn-cgi/l/email-protection.html]
[healthadmin.thememinister.com/assets/dist/img/d2.png]
[healthadmin.thememinister.com/assets/dist/img/d4.png]
[healthadmin.thememinister.com/cdn-cgi/scripts/5c5dd728/cloudflare-static/email-decode.min.js]
[healthadmin.thememinister.com/table.html]
[healthadmin.thememinister.com/add-patient.html]
[healthadmin.thememinister.com/assets/dist/img/m1.png]
[healthadmin.thememinister.com/assets/dist/img/w3.png]
[healthadmin.thememinister.com/assets/dist/img/w4.png]
[healthadmin.thememinister.com/assets/dist/img/w9.png]
[healthadmin.thememinister.com/assets/dist/img/w5.png]
[healthadmin.thememinister.com/pt-list.html]
[healthadmin.thememinister.com/add-department.html]
[healthadmin.thememinister.com/dep-list.html]
[healthadmin.thememinister.com/add-schedule.html]
[healthadmin.thememinister.com/sch-list.html]
[healthadmin.thememinister.com/add-app.html]
[healthadmin.thememinister.com/app-list.html]
[healthadmin.thememinister.com/add-payment.html]
[healthadmin.thememinister.com/pay-list.html]
[healthadmin.thememinister.com/patient-wise-report.html]
[healthadmin.thememinister.com/doctor-wise-report.html]
[healthadmin.thememinister.com/total-report.html]
[healthadmin.thememinister.com/assets/weather-icons/css/weather-icons.min.css]
[healthadmin.thememinister.com/assets/dist/img/weather_image.jpg]
[healthadmin.thememinister.com/widgets.html]
[healthadmin.thememinister.com/lab-list.87.delayed]
[healthadmin.thememinister.com/add-emp.html]
[healthadmin.thememinister.com/assets/dist/img/w1.png]
[healthadmin.thememinister.com/assets/dist/img/w7.png]
[healthadmin.thememinister.com/assets/dist/img/w6.png]
[healthadmin.thememinister.com/emp-list.html]
[healthadmin.thememinister.com/add-ns.html]
[healthadmin.thememinister.com/assets/dist/img/d1.png]
[healthadmin.thememinister.com/ns-list.html]
[healthadmin.thememinister.com/add-ph.html]
[healthadmin.thememinister.com/assets/dist/img/m3.png]
[healthadmin.thememinister.com/assets/dist/img/m4.png]
[healthadmin.thememinister.com/ph-list.html]
[healthadmin.thememinister.com/add-rep.html]
[healthadmin.thememinister.com/rep-list.html]
[healthadmin.thememinister.com/add-bed.html]
[healthadmin.thememinister.com/bed-list.html]
[healthadmin.thememinister.com/add-notice.html]
[healthadmin.thememinister.com/not-list.html]
[healthadmin.thememinister.com/compose.html]
[healthadmin.thememinister.com/mailbox.html]
[healthadmin.thememinister.com/register.html]
[healthadmin.thememinister.com/mailDetails.html]
[healthadmin.thememinister.com/assets/dist/img/ico/apple-touch-icon-57-precomposed.90.delayed]
[healthadmin.thememinister.com/assets/dist/img/ico/apple-touch-icon-72-precomposed.png]
[healthadmin.thememinister.com/assets/dist/img/ico/apple-touch-icon-114-precomposed.png]
[healthadmin.thememinister.com/assets/dist/img/ico/apple-touch-icon-144-precomposed.png]
[healthadmin.thememinister.com/forget_password.html]
[healthadmin.thememinister.com/lockscreen.html]
[healthadmin.thememinister.com/404.html]
[healthadmin.thememinister.com/505.html]
[healthadmin.thememinister.com/blank.html]
[healthadmin.thememinister.com/assets/socicon/social.css]
[healthadmin.thememinister.com/assets/plugins/fullcalendar/fullcalendar.min.css]
[healthadmin.thememinister.com/assets/plugins/fullcalendar/fullcalendar.print.min.css]
[healthadmin.thememinister.com/assets/plugins/fullcalendar/lib/moment.min.js]
[healthadmin.thememinister.com/calender.html]
[healthadmin.thememinister.com/assets/plugins/bootstrap-social/bootstrap-social.css]
[healthadmin.thememinister.com/buttons.html]
[healthadmin.thememinister.com/panels.html]
[healthadmin.thememinister.com/typography.html]
[healthadmin.thememinister.com/tabs.html]
[healthadmin.thememinister.com/assets/plugins/fullcalendar/fullcalendar.min.js]
[healthadmin.thememinister.com/icon_socicon.html]
[healthadmin.thememinister.com/icons_line.html]
[healthadmin.thememinister.com/icons_material.html]
[healthadmin.thememinister.com/icons_pe.html]
[healthadmin.thememinister.com/icons_bootstrap.html]
[healthadmin.thememinister.com/icons_fontawesome.html]
[healthadmin.thememinister.com/icheck_toggle_pagination.html]
[healthadmin.thememinister.com/assets/plugins/NotificationStyles/css/demo.css]
[healthadmin.thememinister.com/assets/plugins/NotificationStyles/css/ns-default.css]
[healthadmin.thememinister.com/assets/plugins/NotificationStyles/css/ns-style-growl.css]
[healthadmin.thememinister.com/assets/plugins/NotificationStyles/css/ns-style-attached.css]
[healthadmin.thememinister.com/assets/plugins/NotificationStyles/css/ns-style-bar.css]
[healthadmin.thememinister.com/assets/plugins/NotificationStyles/css/ns-style-other.css]
[healthadmin.thememinister.com/assets/plugins/sweetalert/sweetalert.css]
[healthadmin.thememinister.com/assets/plugins/NotificationStyles/js/modernizr.custom.js]
[healthadmin.thememinister.com/assets/plugins/NotificationStyles/js/classie.js]
[healthadmin.thememinister.com/assets/plugins/NotificationStyles/js/notificationFx.js]
[healthadmin.thememinister.com/assets/plugins/sweetalert/sweetalert.min.js]
[healthadmin.thememinister.com/notification.html]
[healthadmin.thememinister.com/gridSystem.html]
[healthadmin.thememinister.com/assets/plugins/ion/css/ion.rangeSlider.css]
[healthadmin.thememinister.com/assets/plugins/ion/css/ion.rangeSlider.skinFlat.css]
[healthadmin.thememinister.com/assets/plugins/NotificationStyles/js/snap.svg-min.js]
[healthadmin.thememinister.com/slider.html]
[healthadmin.thememinister.com/timeline.html]
[healthadmin.thememinister.com/assets/dist/img/credit/AM_mc_vs_ms_ae_UK.png]
[healthadmin.thememinister.com/assets/plugins/ion/js/ion.rangeSlider.min.js]
[healthadmin.thememinister.com/invoice.html]
[healthadmin.thememinister.com/labels-badges-alerts.html]
[healthadmin.thememinister.com/progressbars.html]
[healthadmin.thememinister.com/assets/plugins/modals/component.css]
[healthadmin.thememinister.com/assets/plugins/modals/classie.js]
[healthadmin.thememinister.com/modals.html]
[healthadmin.thememinister.com/layout_fixed.html]
[healthadmin.thememinister.com/layout_boxed.html]
[healthadmin.thememinister.com/layout_collapsed_sidebar.html]
[healthadmin.thememinister.com/assets/bootstrap/fonts/glyphicons-halflings-regular.svg]
[healthadmin.thememinister.com/assets/font-awesome/fonts/fontawesome-webfont3e6e.svg]
[healthadmin.thememinister.com/assets/pe-icon-7-stroke/fonts/Pe-icon-7-strokebb1d.svg]
[healthadmin.thememinister.com/assets/themify-icons/fonts/themify9f24.svg]
[healthadmin.thememinister.com/assets/plugins/bootstrap-wysihtml5/bootstrap-wysihtml5.css]
[healthadmin.thememinister.com/cdn-cgi/l/email-protection.html]
[healthadmin.thememinister.com/assets/plugins/modals/modalEffects.js]
[healthadmin.thememinister.com/assets/plugins/moment/moment.js]
[healthadmin.thememinister.com/assets/weather-icons/font/weathericons-regular-webfont.woff2]
[healthadmin.thememinister.com/assets/weather-icons/font/weathericons-regular-webfont.woff]
[healthadmin.thememinister.com/assets/weather-icons/font/weathericons-regular-webfont.eot]
[healthadmin.thememinister.com/assets/weather-icons/font/weathericons-regular-webfontd41d.eot]
[healthadmin.thememinister.com/assets/weather-icons/font/weathericons-regular-webfont.svg]
[healthadmin.thememinister.com/assets/weather-icons/css/weather-icons.min.css]
[healthadmin.thememinister.com/lab-list.html]
[healthadmin.thememinister.com/assets/weather-icons/font/weathericons-regular-webfont.ttf]
[healthadmin.thememinister.com/assets/plugins/summernote/summernote.css]
[healthadmin.thememinister.com/assets/dist/img/user2-160x160.png]
[healthadmin.thememinister.com/compose.html]
[healthadmin.thememinister.com/assets/dist/img/Zipper-icon.jpg]
[healthadmin.thememinister.com/mailDetails.html]
[healthadmin.thememinister.com/assets/dist/img/ico/apple-touch-icon-57-precomposed.html]
[healthadmin.thememinister.com/assets/dist/img/ico/apple-touch-icon-72-precomposed.html]
[healthadmin.thememinister.com/assets/dist/img/ico/apple-touch-icon-114-precomposed.html]
[healthadmin.thememinister.com/assets/dist/img/ico/apple-touch-icon-144-precomposed.html]
[healthadmin.thememinister.com/assets/socicon/fonts/socicon.woff]
[healthadmin.thememinister.com/assets/plugins/summernote/summernote.js]
[healthadmin.thememinister.com/assets/socicon/fonts/socicon.eot]
[healthadmin.thememinister.com/assets/socicon/social.css]
[healthadmin.thememinister.com/assets/plugins/fullcalendar/fullcalendar.min.css]
[healthadmin.thememinister.com/assets/plugins/fullcalendar/fullcalendar.print.min.css]
[healthadmin.thememinister.com/assets/plugins/bootstrap-social/bootstrap-social.css]
[healthadmin.thememinister.com/icon_socicon.html]
[healthadmin.thememinister.com/icons_line.html]
[healthadmin.thememinister.com/icons_material.html]
[healthadmin.thememinister.com/icons_pe.html]
[healthadmin.thememinister.com/icons_bootstrap.html]
[healthadmin.thememinister.com/assets/socicon/fonts/socicon.svg]
[healthadmin.thememinister.com/assets/plugins/icheck/skins/all.css]
[healthadmin.thememinister.com/assets/plugins/bootstrap-toggle/bootstrap-toggle.min.css]
[healthadmin.thememinister.com/assets/plugins/icheck/icheck.min.js]
[healthadmin.thememinister.com/icheck_toggle_pagination.html]
[healthadmin.thememinister.com/assets/plugins/bootstrap-toggle/bootstrap-toggle.min.js]
[healthadmin.thememinister.com/assets/socicon/fonts/socicon.ttf]
[healthadmin.thememinister.com/assets/plugins/NotificationStyles/fonts/codropsicons/codropsicons.eot]
[healthadmin.thememinister.com/assets/socicon/fonts/socicond41d.eot]
[healthadmin.thememinister.com/assets/plugins/NotificationStyles/fonts/codropsicons/codropsiconsd41d.eot]
[healthadmin.thememinister.com/assets/plugins/NotificationStyles/fonts/codropsicons/codropsicons.woff]
[healthadmin.thememinister.com/assets/plugins/NotificationStyles/fonts/codropsicons/codropsicons.ttf]
[healthadmin.thememinister.com/assets/plugins/NotificationStyles/fonts/codropsicons/codropsicons.svg]
[healthadmin.thememinister.com/assets/plugins/NotificationStyles/fonts/linecons/lineconsba9e.eot]
[healthadmin.thememinister.com/assets/plugins/NotificationStyles/fonts/linecons/lineconsd41d.eot]
[healthadmin.thememinister.com/assets/plugins/NotificationStyles/fonts/linecons/lineconsba9e.woff]
[healthadmin.thememinister.com/assets/plugins/NotificationStyles/fonts/linecons/lineconsba9e.ttf]
[healthadmin.thememinister.com/assets/plugins/NotificationStyles/css/demo.css]
[healthadmin.thememinister.com/assets/plugins/NotificationStyles/css/ns-default.css]
[healthadmin.thememinister.com/assets/plugins/NotificationStyles/css/ns-style-growl.css]
[healthadmin.thememinister.com/assets/plugins/NotificationStyles/css/ns-style-attached.css]
[healthadmin.thememinister.com/assets/plugins/NotificationStyles/css/ns-style-bar.css]
[healthadmin.thememinister.com/assets/plugins/NotificationStyles/css/ns-style-other.css]
[healthadmin.thememinister.com/assets/plugins/sweetalert/sweetalert.css]
[healthadmin.thememinister.com/assets/plugins/ion/css/ion.rangeSlider.css]
[healthadmin.thememinister.com/assets/plugins/NotificationStyles/fonts/linecons/lineconsba9e.svg]
[healthadmin.thememinister.com/assets/plugins/ion/img/sprite-skin-flat.png]
[healthadmin.thememinister.com/assets/plugins/ion/css/ion.rangeSlider.skinFlat.css]
[healthadmin.thememinister.com/assets/plugins/modals/component.css]
[healthadmin.thememinister.com/assets/weather-icons/font/weathericons-regular-webfont.svg]
[healthadmin.thememinister.com/assets/plugins/summernote/font/summernote6659.eot]
[healthadmin.thememinister.com/assets/plugins/summernote/font/summernoted41d.eot]
[healthadmin.thememinister.com/assets/plugins/summernote/font/summernote6659.woff]
[healthadmin.thememinister.com/assets/plugins/summernote/summernote.css]
[healthadmin.thememinister.com/assets/socicon/fonts/socicon.svg]
[healthadmin.thememinister.com/assets/plugins/summernote/font/summernote6659.ttf]
[healthadmin.thememinister.com/assets/plugins/icheck/skins/minimal/_all.css]
[healthadmin.thememinister.com/assets/plugins/icheck/skins/square/_all.css]
[healthadmin.thememinister.com/assets/plugins/icheck/skins/flat/_all.css]
[healthadmin.thememinister.com/assets/plugins/icheck/skins/line/_all.css]
[healthadmin.thememinister.com/assets/plugins/icheck/skins/polaris/polaris.css]
[healthadmin.thememinister.com/assets/plugins/icheck/skins/all.css]
[healthadmin.thememinister.com/assets/plugins/bootstrap-toggle/bootstrap-toggle.min.css]
[healthadmin.thememinister.com/assets/plugins/NotificationStyles/fonts/codropsicons/codropsicons.html]
[healthadmin.thememinister.com/assets/plugins/NotificationStyles/fonts/codropsicons/codropsiconsd41d.html]
[healthadmin.thememinister.com/assets/plugins/NotificationStyles/fonts/codropsicons/codropsicons-2.html]
[healthadmin.thememinister.com/assets/plugins/NotificationStyles/fonts/codropsicons/codropsicons-3.html]
[healthadmin.thememinister.com/assets/plugins/NotificationStyles/fonts/codropsicons/codropsicons-4.html]
[healthadmin.thememinister.com/assets/plugins/NotificationStyles/fonts/linecons/lineconsba9e.svg]
[healthadmin.thememinister.com/assets/plugins/icheck/skins/futurico/futurico.css]
[healthadmin.thememinister.com/assets/plugins/icheck/skins/minimal/minimal.png]
[healthadmin.thememinister.com/assets/plugins/icheck/skins/minimal/minimal@2x.png]
[healthadmin.thememinister.com/assets/plugins/icheck/skins/minimal/red.png]
[healthadmin.thememinister.com/assets/plugins/icheck/skins/minimal/red@2x.png]
[healthadmin.thememinister.com/assets/plugins/icheck/skins/minimal/green.png]
[healthadmin.thememinister.com/assets/plugins/icheck/skins/minimal/green@2x.png]
[healthadmin.thememinister.com/assets/plugins/icheck/skins/minimal/blue.png]
[healthadmin.thememinister.com/assets/plugins/icheck/skins/minimal/blue@2x.png]
[healthadmin.thememinister.com/assets/plugins/icheck/skins/minimal/aero.png]
[healthadmin.thememinister.com/assets/plugins/icheck/skins/minimal/aero@2x.png]
[healthadmin.thememinister.com/assets/plugins/icheck/skins/minimal/grey.png]
[healthadmin.thememinister.com/assets/plugins/icheck/skins/minimal/grey@2x.png]
[healthadmin.thememinister.com/assets/plugins/icheck/skins/minimal/orange.png]
[healthadmin.thememinister.com/assets/plugins/icheck/skins/minimal/orange@2x.png]
[healthadmin.thememinister.com/assets/plugins/icheck/skins/minimal/yellow.png]
[healthadmin.thememinister.com/assets/plugins/icheck/skins/minimal/yellow@2x.png]
[healthadmin.thememinister.com/assets/plugins/icheck/skins/minimal/pink.png]
[healthadmin.thememinister.com/assets/plugins/icheck/skins/minimal/pink@2x.png]
[healthadmin.thememinister.com/assets/plugins/icheck/skins/minimal/purple.png]
[healthadmin.thememinister.com/assets/plugins/icheck/skins/minimal/purple@2x.png]
[healthadmin.thememinister.com/assets/plugins/icheck/skins/minimal/_all.css]
[healthadmin.thememinister.com/assets/plugins/icheck/skins/square/square.png]
[healthadmin.thememinister.com/assets/plugins/icheck/skins/square/square@2x.png]
[healthadmin.thememinister.com/assets/plugins/icheck/skins/square/red.png]
[healthadmin.thememinister.com/assets/plugins/icheck/skins/square/red@2x.png]
[healthadmin.thememinister.com/assets/plugins/icheck/skins/square/green.png]
[healthadmin.thememinister.com/assets/plugins/icheck/skins/square/green@2x.png]
[healthadmin.thememinister.com/assets/plugins/icheck/skins/square/blue.png]
[healthadmin.thememinister.com/assets/plugins/icheck/skins/square/blue@2x.png]
[healthadmin.thememinister.com/assets/plugins/icheck/skins/square/aero.png]
[healthadmin.thememinister.com/assets/plugins/icheck/skins/square/aero@2x.png]
[healthadmin.thememinister.com/assets/plugins/icheck/skins/square/grey.png]
[healthadmin.thememinister.com/assets/plugins/icheck/skins/square/grey@2x.png]
[healthadmin.thememinister.com/assets/plugins/icheck/skins/square/orange.png]
[healthadmin.thememinister.com/assets/plugins/icheck/skins/square/orange@2x.png]
[healthadmin.thememinister.com/assets/plugins/icheck/skins/square/yellow.png]
[healthadmin.thememinister.com/assets/plugins/icheck/skins/square/yellow@2x.png]
[healthadmin.thememinister.com/assets/plugins/icheck/skins/square/pink.png]
[healthadmin.thememinister.com/assets/plugins/icheck/skins/square/pink@2x.png]
[healthadmin.thememinister.com/assets/plugins/icheck/skins/square/purple.png]
[healthadmin.thememinister.com/assets/plugins/icheck/skins/square/purple@2x.png]
[healthadmin.thememinister.com/assets/plugins/icheck/skins/square/_all.css]
[healthadmin.thememinister.com/assets/plugins/icheck/skins/flat/flat.png]
[healthadmin.thememinister.com/assets/plugins/icheck/skins/flat/flat@2x.png]
[healthadmin.thememinister.com/assets/plugins/icheck/skins/flat/red.png]
[healthadmin.thememinister.com/assets/plugins/icheck/skins/flat/red@2x.png]
[healthadmin.thememinister.com/assets/plugins/icheck/skins/flat/green.png]
[healthadmin.thememinister.com/assets/plugins/icheck/skins/flat/green@2x.png]
[healthadmin.thememinister.com/assets/plugins/icheck/skins/flat/blue.png]
[healthadmin.thememinister.com/assets/plugins/icheck/skins/flat/blue@2x.png]
[healthadmin.thememinister.com/assets/plugins/icheck/skins/flat/aero.png]
[healthadmin.thememinister.com/assets/plugins/icheck/skins/flat/aero@2x.png]
[healthadmin.thememinister.com/assets/plugins/icheck/skins/flat/grey.png]
[healthadmin.thememinister.com/assets/plugins/icheck/skins/flat/grey@2x.png]
[healthadmin.thememinister.com/assets/plugins/icheck/skins/flat/orange.png]
[healthadmin.thememinister.com/assets/plugins/icheck/skins/flat/orange@2x.png]
[healthadmin.thememinister.com/assets/plugins/icheck/skins/flat/yellow.png]
[healthadmin.thememinister.com/assets/plugins/icheck/skins/flat/yellow@2x.png]
[healthadmin.thememinister.com/assets/plugins/icheck/skins/flat/pink.png]
[healthadmin.thememinister.com/assets/plugins/icheck/skins/flat/pink@2x.png]
[healthadmin.thememinister.com/assets/plugins/icheck/skins/flat/purple.png]
[healthadmin.thememinister.com/assets/plugins/icheck/skins/flat/purple@2x.png]
[healthadmin.thememinister.com/assets/plugins/icheck/skins/flat/_all.css]
[healthadmin.thememinister.com/assets/plugins/icheck/skins/line/line.png]
[healthadmin.thememinister.com/assets/plugins/icheck/skins/line/line@2x.png]
[healthadmin.thememinister.com/assets/plugins/icheck/skins/line/_all.css]
[healthadmin.thememinister.com/assets/plugins/icheck/skins/polaris/polaris.png]
[healthadmin.thememinister.com/assets/plugins/icheck/skins/polaris/polaris@2x.png]
[healthadmin.thememinister.com/assets/plugins/icheck/skins/polaris/polaris.css]
[healthadmin.thememinister.com/assets/plugins/icheck/skins/futurico/futurico.png]
[healthadmin.thememinister.com/assets/plugins/icheck/skins/futurico/futurico@2x.png]
[healthadmin.thememinister.com/assets/plugins/icheck/skins/futurico/futurico.css]
