[thememakker.com/templates/oreo/hospital/html/light/all-Departments.html]
[backblue.gif]
[fade.gif]
[index.html]
[thememakker.com/templates/oreo/hospital/html/light/favicon.ico]
[thememakker.com/templates/oreo/hospital/html/light/index.html]
[thememakker.com/templates/oreo/hospital/html/light/events.html]
[thememakker.com/templates/oreo/hospital/html/light/mail-inbox.html]
[thememakker.com/templates/oreo/hospital/html/light/contact.html]
[thememakker.com/templates/oreo/hospital/html/images/xs/avatar2.jpg]
[thememakker.com/templates/oreo/hospital/html/images/xs/avatar3.jpg]
[thememakker.com/templates/oreo/hospital/html/images/xs/avatar4.jpg]
[thememakker.com/templates/oreo/hospital/html/images/xs/avatar5.jpg]
[thememakker.com/templates/oreo/hospital/html/images/xs/avatar6.jpg]
[thememakker.com/templates/oreo/hospital/html/images/xs/avatar10.jpg]
[thememakker.com/templates/oreo/hospital/html/images/xs/avatar9.jpg]
[thememakker.com/templates/oreo/hospital/html/images/xs/avatar8.jpg]
[thememakker.com/templates/oreo/hospital/html/images/xs/avatar7.jpg]
[thememakker.com/templates/oreo/hospital/html/light/sign-in.html]
[thememakker.com/templates/oreo/hospital/html/light/profile.html]
[thememakker.com/templates/oreo/hospital/html/images/profile_av.jpg]
[thememakker.com/templates/oreo/hospital/html/light/book-appointment.html]
[thememakker.com/templates/oreo/hospital/html/light/doctors.html]
[thememakker.com/templates/oreo/hospital/html/light/add-doctor.html]
[thememakker.com/templates/oreo/hospital/html/light/patients.html]
[thememakker.com/templates/oreo/hospital/html/light/add-patient.html]
[thememakker.com/templates/oreo/hospital/html/light/patient-profile.html]
[thememakker.com/templates/oreo/hospital/html/light/patient-invoice.html]
[thememakker.com/templates/oreo/hospital/html/light/payments.html]
[thememakker.com/templates/oreo/hospital/html/light/add-payments.html]
[thememakker.com/templates/oreo/hospital/html/light/invoice.html]
[thememakker.com/templates/oreo/hospital/html/light/add-departments.html]
[thememakker.com/templates/oreo/hospital/html/light/sign-up.html]
[thememakker.com/templates/oreo/hospital/html/light/forgot-password.html]
[thememakker.com/templates/oreo/hospital/html/light/404.html]
[thememakker.com/templates/oreo/hospital/html/light/500.html]
[thememakker.com/templates/oreo/hospital/html/light/page-offline.html]
[thememakker.com/templates/oreo/hospital/html/light/locked.html]
[thememakker.com/templates/oreo/hospital/html/light/blog-dashboard.html]
[thememakker.com/templates/oreo/hospital/html/light/blog-post.html]
[thememakker.com/templates/oreo/hospital/html/light/blog-list.html]
[thememakker.com/templates/oreo/hospital/html/light/blog-grid.html]
[thememakker.com/templates/oreo/hospital/html/light/blog-details.html]
[thememakker.com/templates/oreo/hospital/html/light/file-dashboard.html]
[thememakker.com/templates/oreo/hospital/html/light/file-documents.html]
[thememakker.com/templates/oreo/hospital/html/light/file-media.html]
[thememakker.com/templates/oreo/hospital/html/light/file-images.html]
[thememakker.com/templates/oreo/hospital/html/light/chat.html]
[thememakker.com/templates/oreo/hospital/html/light/widgets-app.html]
[thememakker.com/templates/oreo/hospital/html/light/widgets-data.html]
[thememakker.com/templates/oreo/hospital/html/light/blank.html]
[thememakker.com/templates/oreo/hospital/html/light/dashboard-rtl.html]
[thememakker.com/templates/oreo/hospital/html/light/image-gallery.html]
[thememakker.com/templates/oreo/hospital/html/light/timeline.html]
[thememakker.com/templates/oreo/hospital/html/light/search-results.html]
[thememakker.com/templates/oreo/hospital/html/light/ui_kit.html]
[thememakker.com/templates/oreo/hospital/html/light/alerts.html]
[thememakker.com/templates/oreo/hospital/html/light/collapse.html]
[thememakker.com/templates/oreo/hospital/html/light/colors.html]
[thememakker.com/templates/oreo/hospital/html/light/dialogs.html]
[thememakker.com/templates/oreo/hospital/html/light/icons.html]
[thememakker.com/templates/oreo/hospital/html/light/list-group.html]
[thememakker.com/templates/oreo/hospital/html/light/media-object.html]
[thememakker.com/templates/oreo/hospital/html/light/notifications.html]
[thememakker.com/templates/oreo/hospital/html/light/modals.html]
[thememakker.com/templates/oreo/hospital/html/light/range-sliders.html]
[thememakker.com/templates/oreo/hospital/html/light/progressbars.html]
[thememakker.com/templates/oreo/hospital/html/light/tabs.html]
[thememakker.com/templates/oreo/hospital/html/light/sortable-nestable.html]
[thememakker.com/templates/oreo/hospital/html/light/waves.html]
[thememakker.com/templates/oreo/hospital/html/images/xs/avatar1.jpg]
[thememakker.com/templates/oreo/hospital/html/images/image1.jpg]
[thememakker.com/templates/oreo/hospital/html/light/more-Departments.html]
[thememakker.com/templates/oreo/hospital/html/images/image2.jpg]
[thememakker.com/templates/oreo/hospital/html/images/image3.jpg]
[thememakker.com/templates/oreo/hospital/html/images/image4.jpg]
[thememakker.com/templates/oreo/hospital/html/images/image5.jpg]
[thememakker.com/templates/oreo/hospital/html/images/image6.jpg]
[thememakker.com/templates/oreo/hospital/html/images/image7.jpg]
[thememakker.com/templates/oreo/hospital/html/images/image8.jpg]
[thememakker.com/templates/oreo/hospital/html/light/assets/bundles/libscripts.bundle.js]
[thememakker.com/templates/oreo/hospital/html/light/assets/bundles/vendorscripts.bundle.js]
[thememakker.com/templates/oreo/hospital/html/light/assets/bundles/mainscripts.bundle.js]
[thememakker.com/templates/oreo/hospital/html/light/all-Departments.html]
[thememakker.com/templates/oreo/hospital/html/plugins/bootstrap/css/bootstrap.min.css]
[thememakker.com/templates/oreo/hospital/html/light/assets/fonts/Material-Design-Iconic-Fontd1f1.woff2]
[thememakker.com/templates/oreo/hospital/html/light/assets/fonts/Material-Design-Iconic-Fontd1f1.woff]
[thememakker.com/templates/oreo/hospital/html/light/assets/fonts/Material-Design-Iconic-Fontd1f1.ttf]
[thememakker.com/templates/oreo/hospital/html/light/assets/css/main.css]
[thememakker.com/templates/oreo/hospital/html/light/assets/css/color_skins.css]
[thememakker.com/templates/oreo/hospital/html/light/assets/bundles/morrisscripts.bundle.js]
[thememakker.com/templates/oreo/hospital/html/light/assets/bundles/jvectormap.bundle.js]
[thememakker.com/templates/oreo/hospital/html/light/assets/bundles/knob.bundle.js]
[thememakker.com/templates/oreo/hospital/html/light/assets/js/pages/index.js]
[thememakker.com/templates/oreo/hospital/html/light/index.html]
[thememakker.com/templates/oreo/hospital/html/light/assets/bundles/fullcalendarscripts.bundle.js]
[thememakker.com/templates/oreo/hospital/html/light/assets/js/pages/calendar/calendar.js]
[thememakker.com/templates/oreo/hospital/html/light/events.html]
[thememakker.com/templates/oreo/hospital/html/light/mail-compose.html]
[thememakker.com/templates/oreo/hospital/html/light/mail-inbox.html]
[thememakker.com/templates/oreo/hospital/html/light/mail-single.html]
[thememakker.com/templates/oreo/hospital/html/light/contact.html]
[thememakker.com/templates/oreo/hospital/html/images/login.jpg]
[thememakker.com/templates/oreo/hospital/html/light/sign-in.html]
[thememakker.com/templates/oreo/hospital/html/images/sm/avatar1.jpg]
[thememakker.com/templates/oreo/hospital/html/images/sm/avatar2.jpg]
[thememakker.com/templates/oreo/hospital/html/images/sm/avatar3.jpg]
[thememakker.com/templates/oreo/hospital/html/images/sm/avatar4.jpg]
[thememakker.com/templates/oreo/hospital/html/images/sm/avatar5.jpg]
[thememakker.com/templates/oreo/hospital/html/light/assets/js/pages/charts/jquery-knob.js]
[thememakker.com/templates/oreo/hospital/html/light/profile.html]
[thememakker.com/templates/oreo/hospital/html/plugins/momentjs/moment.js]
[thememakker.com/templates/oreo/hospital/html/plugins/bootstrap-material-datetimepicker/js/bootstrap-material-datetimepicker.js]
[thememakker.com/templates/oreo/hospital/html/light/book-appointment.html]
[thememakker.com/templates/oreo/hospital/html/images/doctors/member1.png]
[thememakker.com/templates/oreo/hospital/html/images/doctors/member2.png]
[thememakker.com/templates/oreo/hospital/html/images/doctors/member3.png]
[thememakker.com/templates/oreo/hospital/html/images/doctors/member4.png]
[thememakker.com/templates/oreo/hospital/html/images/doctors/member5.png]
[thememakker.com/templates/oreo/hospital/html/images/doctors/member6.png]
[thememakker.com/templates/oreo/hospital/html/images/doctors/member7.png]
[thememakker.com/templates/oreo/hospital/html/images/doctors/member8.png]
[thememakker.com/templates/oreo/hospital/html/light/doctors.html]
[thememakker.com/templates/oreo/hospital/html/plugins/dropzone/dropzone.js]
[thememakker.com/templates/oreo/hospital/html/light/add-doctor.html]
[thememakker.com/templates/oreo/hospital/html/light/patients.html]
[thememakker.com/templates/oreo/hospital/html/light/add-patient.html]
[thememakker.com/templates/oreo/hospital/html/light/patient-profile.html]
[thememakker.com/templates/oreo/hospital/html/light/patient-invoice.html]
[thememakker.com/templates/oreo/hospital/html/light/assets/bundles/datatablescripts.bundle.js]
[thememakker.com/templates/oreo/hospital/html/light/assets/js/pages/tables/jquery-datatable.js]
[thememakker.com/templates/oreo/hospital/html/light/payments.html]
[thememakker.com/templates/oreo/hospital/html/light/add-payments.html]
[thememakker.com/templates/oreo/hospital/html/light/invoice.html]
[thememakker.com/templates/oreo/hospital/html/light/add-departments.html]
[thememakker.com/templates/oreo/hospital/html/light/sign-up.html]
[thememakker.com/templates/oreo/hospital/html/light/forgot-password.html]
[thememakker.com/templates/oreo/hospital/html/light/404.html]
[thememakker.com/templates/oreo/hospital/html/light/500.html]
[thememakker.com/templates/oreo/hospital/html/light/page-offline.html]
[thememakker.com/templates/oreo/hospital/html/light/locked.html]
[thememakker.com/templates/oreo/hospital/html/images/sm/avatar6.jpg]
[thememakker.com/templates/oreo/hospital/html/images/blog/blog-page-4.jpg]
[thememakker.com/templates/oreo/hospital/html/plugins/jvectormap/jquery-jvectormap-us-aea-en.js]
[thememakker.com/templates/oreo/hospital/html/light/assets/js/pages/blog/blog.js]
[thememakker.com/templates/oreo/hospital/html/light/blog-dashboard.html]
[thememakker.com/templates/oreo/hospital/html/plugins/ckeditor/ckeditor.js]
[thememakker.com/templates/oreo/hospital/html/light/assets/js/pages/forms/editors.js]
[thememakker.com/templates/oreo/hospital/html/light/blog-post.html]
[thememakker.com/templates/oreo/hospital/html/images/blog/blog-page-1.jpg]
[thememakker.com/templates/oreo/hospital/html/images/blog/blog-page-2.jpg]
[thememakker.com/templates/oreo/hospital/html/images/blog/blog-page-3.jpg]
[thememakker.com/templates/oreo/hospital/html/images/blog/05-img.jpg]
[thememakker.com/templates/oreo/hospital/html/images/blog/06-img.jpg]
[thememakker.com/templates/oreo/hospital/html/images/blog/07-img.jpg]
[thememakker.com/templates/oreo/hospital/html/images/blog/08-img.jpg]
[thememakker.com/templates/oreo/hospital/html/images/blog/09-img.jpg]
[thememakker.com/templates/oreo/hospital/html/images/blog/10-img.jpg]
[thememakker.com/templates/oreo/hospital/html/images/blog/11-img.jpg]
[thememakker.com/templates/oreo/hospital/html/images/blog/12-img.jpg]
[thememakker.com/templates/oreo/hospital/html/images/blog/13-img.jpg]
[thememakker.com/templates/oreo/hospital/html/light/blog-list.html]
[thememakker.com/templates/oreo/hospital/html/light/blog-grid.html]
[thememakker.com/templates/oreo/hospital/html/images/blog/1.jpg]
[thememakker.com/templates/oreo/hospital/html/images/blog/2.jpg]
[thememakker.com/templates/oreo/hospital/html/images/blog/3.jpg]
[thememakker.com/templates/oreo/hospital/html/images/blog/4.jpg]
[thememakker.com/templates/oreo/hospital/html/light/blog-details.html]
[thememakker.com/templates/oreo/hospital/html/images/image-gallery/1.jpg]
[thememakker.com/templates/oreo/hospital/html/images/image-gallery/3.jpg]
[thememakker.com/templates/oreo/hospital/html/images/image-gallery/2.jpg]
[thememakker.com/templates/oreo/hospital/html/images/image-gallery/8.jpg]
[thememakker.com/templates/oreo/hospital/html/light/assets/js/pages/file/filemanager.js]
[thememakker.com/templates/oreo/hospital/html/light/file-dashboard.html]
[thememakker.com/templates/oreo/hospital/html/light/file-documents.html]
[thememakker.com/templates/oreo/hospital/html/light/file-media.html]
[thememakker.com/templates/oreo/hospital/html/images/image-gallery/4.jpg]
[thememakker.com/templates/oreo/hospital/html/images/image-gallery/5.jpg]
[thememakker.com/templates/oreo/hospital/html/images/image-gallery/9.jpg]
[thememakker.com/templates/oreo/hospital/html/images/image-gallery/6.jpg]
[thememakker.com/templates/oreo/hospital/html/images/image-gallery/7.jpg]
[thememakker.com/templates/oreo/hospital/html/images/image-gallery/11.jpg]
[thememakker.com/templates/oreo/hospital/html/images/image-gallery/10.jpg]
[thememakker.com/templates/oreo/hospital/html/images/image-gallery/14.jpg]
[thememakker.com/templates/oreo/hospital/html/light/file-images.html]
[thememakker.com/templates/oreo/hospital/html/light/chat.html]
[thememakker.com/templates/oreo/hospital/html/images/lg/avatar2.jpg]
[thememakker.com/templates/oreo/hospital/html/images/lg/avatar1.jpg]
[thememakker.com/templates/oreo/hospital/html/images/image-gallery/12.jpg]
[thememakker.com/templates/oreo/hospital/html/light/assets/js/pages/charts/sparkline.js]
[thememakker.com/templates/oreo/hospital/html/light/widgets-app.html]
[thememakker.com/templates/oreo/hospital/html/light/assets/js/pages/widgets/infobox/infobox-1.js]
[thememakker.com/templates/oreo/hospital/html/light/assets/js/pages/cards/basic.js]
[thememakker.com/templates/oreo/hospital/html/light/widgets-data.html]
[thememakker.com/templates/oreo/hospital/html/light/blank.html]
[thememakker.com/templates/oreo/hospital/html/plugins/chartjs/Chart.bundle.min.js]
[thememakker.com/templates/oreo/hospital/html/light/assets/js/pages/rtl.js]
[thememakker.com/templates/oreo/hospital/html/light/dashboard-rtl.html]
[thememakker.com/templates/oreo/hospital/html/images/image-gallery/thumb/thumb-1.jpg]
[thememakker.com/templates/oreo/hospital/html/images/image-gallery/thumb/thumb-2.jpg]
[thememakker.com/templates/oreo/hospital/html/images/image-gallery/thumb/thumb-3.jpg]
[thememakker.com/templates/oreo/hospital/html/images/image-gallery/thumb/thumb-4.jpg]
[thememakker.com/templates/oreo/hospital/html/images/image-gallery/thumb/thumb-5.jpg]
[thememakker.com/templates/oreo/hospital/html/images/image-gallery/thumb/thumb-6.jpg]
[thememakker.com/templates/oreo/hospital/html/images/image-gallery/thumb/thumb-7.jpg]
[thememakker.com/templates/oreo/hospital/html/images/image-gallery/thumb/thumb-8.jpg]
[thememakker.com/templates/oreo/hospital/html/images/image-gallery/thumb/thumb-9.jpg]
[thememakker.com/templates/oreo/hospital/html/images/image-gallery/thumb/thumb-10.jpg]
[thememakker.com/templates/oreo/hospital/html/images/image-gallery/thumb/thumb-11.jpg]
[thememakker.com/templates/oreo/hospital/html/images/image-gallery/thumb/thumb-12.jpg]
[thememakker.com/templates/oreo/hospital/html/images/image-gallery/13.jpg]
[thememakker.com/templates/oreo/hospital/html/images/image-gallery/thumb/thumb-13.jpg]
[thememakker.com/templates/oreo/hospital/html/images/image-gallery/thumb/thumb-14.jpg]
[thememakker.com/templates/oreo/hospital/html/images/image-gallery/15.jpg]
[thememakker.com/templates/oreo/hospital/html/images/image-gallery/thumb/thumb-15.jpg]
[thememakker.com/templates/oreo/hospital/html/plugins/light-gallery/js/lightgallery-all.min.js]
[thememakker.com/templates/oreo/hospital/html/light/assets/js/pages/medias/image-gallery.js]
[thememakker.com/templates/oreo/hospital/html/light/image-gallery.html]
[thememakker.com/templates/oreo/hospital/html/light/timeline.html]
[thememakker.com/templates/oreo/hospital/html/light/search-results.html]
[thememakker.com/templates/oreo/hospital/html/light/ui_kit.html]
[thememakker.com/templates/oreo/hospital/html/light/alerts.html]
[thememakker.com/templates/oreo/hospital/html/light/collapse.html]
[thememakker.com/templates/oreo/hospital/html/light/colors.html]
[cdn.rawgit.com/google/code-prettify/master/loader/run_prettify.js]
[thememakker.com/templates/oreo/hospital/html/plugins/sweetalert/sweetalert.min.js]
[thememakker.com/templates/oreo/hospital/html/light/assets/js/pages/ui/dialogs.js]
[thememakker.com/templates/oreo/hospital/html/light/dialogs.html]
[thememakker.com/templates/oreo/hospital/html/light/icons.html]
[thememakker.com/templates/oreo/hospital/html/light/list-group.html]
[thememakker.com/templates/oreo/hospital/html/light/media-object.html]
[thememakker.com/templates/oreo/hospital/html/light/modals.html]
[thememakker.com/templates/oreo/hospital/html/plugins/bootstrap-notify/bootstrap-notify.js]
[thememakker.com/templates/oreo/hospital/html/light/assets/js/pages/ui/notifications.js]
[thememakker.com/templates/oreo/hospital/html/light/notifications.html]
[thememakker.com/templates/oreo/hospital/html/light/progressbars.html]
[thememakker.com/templates/oreo/hospital/html/plugins/ion-rangeslider/js/ion.rangeSlider.js]
[thememakker.com/templates/oreo/hospital/html/light/assets/js/pages/ui/range-sliders.js]
[thememakker.com/templates/oreo/hospital/html/light/range-sliders.html]
[thememakker.com/templates/oreo/hospital/html/plugins/nestable/jquery.nestable.js]
[thememakker.com/templates/oreo/hospital/html/light/assets/js/pages/ui/sortable-nestable.js]
[thememakker.com/templates/oreo/hospital/html/light/sortable-nestable.html]
[thememakker.com/templates/oreo/hospital/html/light/tabs.html]
[thememakker.com/templates/oreo/hospital/html/light/waves.html]
[thememakker.com/templates/oreo/hospital/html/light/more-Departments.html]
[thememakker.com/templates/oreo/hospital/html/plugins/jvectormap/jquery-jvectormap-2.0.3.min.css]
[thememakker.com/templates/oreo/hospital/html/plugins/morrisjs/morris.min.css]
[thememakker.com/templates/oreo/hospital/html/plugins/fullcalendar/fullcalendar.min.css]
[thememakker.com/templates/oreo/hospital/html/light/assets/css/inbox.css]
[thememakker.com/templates/oreo/hospital/html/light/mail-compose.html]
[thememakker.com/templates/oreo/hospital/html/light/mail-single.html]
[thememakker.com/templates/oreo/hospital/html/light/assets/css/authentication.css]
[thememakker.com/templates/oreo/hospital/html/light/assets/css/timeline.css]
[thememakker.com/templates/oreo/hospital/html/plugins/bootstrap-material-datetimepicker/css/bootstrap-material-datetimepicker.css]
[thememakker.com/templates/oreo/hospital/html/plugins/bootstrap-select/css/bootstrap-select.css]
[thememakker.com/templates/oreo/hospital/html/plugins/dropzone/dropzone.css]
[thememakker.com/templates/oreo/hospital/html/plugins/jquery-datatable/dataTables.bootstrap4.min.css]
[thememakker.com/templates/oreo/hospital/html/plugins/jvectormap/jquery-jvectormap-2.0.3.css]
[thememakker.com/templates/oreo/hospital/html/plugins/morrisjs/morris.css]
[thememakker.com/templates/oreo/hospital/html/light/assets/css/blog.css]
[thememakker.com/templates/oreo/hospital/html/light/assets/css/chatapp.css]
[thememakker.com/templates/oreo/hospital/html/plugins/light-gallery/img/vimeo-play.png]
[thememakker.com/templates/oreo/hospital/html/plugins/light-gallery/img/video-play.png]
[thememakker.com/templates/oreo/hospital/html/plugins/light-gallery/img/youtube-play.png]
[thememakker.com/templates/oreo/hospital/html/plugins/light-gallery/img/loading.gif]
[thememakker.com/templates/oreo/hospital/html/plugins/light-gallery/css/lightgallery.css]
[thememakker.com/templates/oreo/hospital/html/plugins/sweetalert/sweetalert.css]
[thememakker.com/templates/oreo/hospital/html/plugins/ion-rangeslider/css/ion.rangeSlider.css]
[thememakker.com/templates/oreo/hospital/html/plugins/ion-rangeslider/img/sprite-skin-flat.png]
[thememakker.com/templates/oreo/hospital/html/plugins/ion-rangeslider/css/ion.rangeSlider.skinFlat.css]
[thememakker.com/templates/oreo/hospital/html/plugins/nestable/jquery-nestable.css]
