[backblue.gif]
[fade.gif]
[index.html]
[html.codedthemes.com/flash-able/bootstrap/assets/images/user/avatar-1.jpg]
[html.codedthemes.com/flash-able/bootstrap/assets/images/user/avatar-2.jpg]
[html.codedthemes.com/flash-able/bootstrap/assets/images/user/avatar-3.jpg]
[html.codedthemes.com/flash-able/bootstrap/assets/images/user/avatar-4.jpg]
[html.codedthemes.com/flash-able/bootstrap/assets/images/widget/img-round1.jpg]
[html.codedthemes.com/flash-able/bootstrap/assets/js/vendor-all.min.js]
[html.codedthemes.com/flash-able/bootstrap/assets/plugins/bootstrap/js/bootstrap.min.js]
[html.codedthemes.com/flash-able/bootstrap/assets/js/pcoded.min.js]
[html.codedthemes.com/flash-able/bootstrap/assets/js/menu-setting.min.js]
[html.codedthemes.com/flash-able/bootstrap/assets/plugins/chart-am4/js/core.js]
[html.codedthemes.com/flash-able/bootstrap/assets/plugins/chart-am4/js/charts.js]
[html.codedthemes.com/flash-able/bootstrap/assets/plugins/chart-am4/js/animated.js]
[html.codedthemes.com/flash-able/bootstrap/assets/plugins/chart-am4/js/maps.js]
[html.codedthemes.com/flash-able/bootstrap/assets/plugins/chart-am4/js/worldLow.js]
[html.codedthemes.com/flash-able/bootstrap/assets/plugins/chart-am4/js/continentsLow.js]
[html.codedthemes.com/flash-able/bootstrap/assets/js/pages/dashboard-analytics.js]
[html.codedthemes.com/flash-able/bootstrap/default/index.html]
[html.codedthemes.com/flash-able/bootstrap/assets/fonts/fontawesome/css/fontawesome-all.min.css]
[html.codedthemes.com/flash-able/bootstrap/assets/plugins/animation/css/animate.min.css]
[html.codedthemes.com/flash-able/bootstrap/assets/plugins/notification/css/notification.min.css]
[html.codedthemes.com/flash-able/bootstrap/assets/images/nav-bg/navbar-img-1.jpg]
[html.codedthemes.com/flash-able/bootstrap/assets/images/nav-bg/navbar-img-2.jpg]
[html.codedthemes.com/flash-able/bootstrap/assets/images/nav-bg/navbar-img-3.jpg]
[html.codedthemes.com/flash-able/bootstrap/assets/images/nav-bg/navbar-img-4.jpg]
[html.codedthemes.com/flash-able/bootstrap/assets/images/nav-bg/navbar-img-5.jpg]
[html.codedthemes.com/flash-able/bootstrap/assets/images/bg-images/1.jpg]
[html.codedthemes.com/flash-able/bootstrap/assets/images/bg-images/2.jpg]
[html.codedthemes.com/flash-able/bootstrap/assets/images/bg-images/3.jpg]
[html.codedthemes.com/flash-able/bootstrap/assets/images/bg-images/4.jpg]
[html.codedthemes.com/flash-able/bootstrap/assets/images/bg-images/5.jpg]
[html.codedthemes.com/flash-able/bootstrap/assets/images/bg-images/6.jpg]
[html.codedthemes.com/flash-able/bootstrap/assets/images/widget/blur-bg.png]
[html.codedthemes.com/flash-able/bootstrap/assets/images/auth-bg-big.jpg]
[html.codedthemes.com/flash-able/bootstrap/assets/images/auth/blur-bg.jpg]
[html.codedthemes.com/flash-able/bootstrap/assets/css/style.css]
[html.codedthemes.com/flash-able/bootstrap/assets/js/pages/dashboard-sale.js]
[html.codedthemes.com/flash-able/bootstrap/default/dashboard-sale.html]
[html.codedthemes.com/flash-able/bootstrap/assets/plugins/ratting/js/jquery.barrating.min.js]
[html.codedthemes.com/flash-able/bootstrap/assets/js/pages/dashboard-project.js]
[html.codedthemes.com/flash-able/bootstrap/default/dashboard-project.html]
[html.codedthemes.com/flash-able/bootstrap/assets/images/light-box/l5.jpg]
[html.codedthemes.com/flash-able/bootstrap/assets/images/light-box/sl3.jpg]
[html.codedthemes.com/flash-able/bootstrap/assets/js/pages/dashboard-help.js]
[html.codedthemes.com/flash-able/bootstrap/default/dashboard-help.html]
[html.codedthemes.com/flash-able/bootstrap/assets/plugins/prism/js/prism.min.js]
[html.codedthemes.com/flash-able/bootstrap/assets/js/analytics.js]
[html.codedthemes.com/flash-able/bootstrap/default/layout-static.html]
[html.codedthemes.com/flash-able/bootstrap/default/layout-fixed.html]
[html.codedthemes.com/flash-able/bootstrap/default/layout-menu-fixed.html]
[html.codedthemes.com/flash-able/bootstrap/default/layout-mini-menu.html]
[html.codedthemes.com/flash-able/bootstrap/default/layout-navbg.html]
[html.codedthemes.com/flash-able/bootstrap/assets/js/horizontal-menu.js]
[html.codedthemes.com/flash-able/bootstrap/default/layout-horizontal.html]
[html.codedthemes.com/flash-able/bootstrap/default/layout-horizontal-1.html]
[html.codedthemes.com/flash-able/bootstrap/default/layout-horizontal-2.html]
[html.codedthemes.com/flash-able/bootstrap/default/layout-horizontal-rtl.html]
[html.codedthemes.com/flash-able/bootstrap/default/layout-box.html]
[html.codedthemes.com/flash-able/bootstrap/default/layout-rtl.html]
[html.codedthemes.com/flash-able/bootstrap/default/layout-light.html]
[html.codedthemes.com/flash-able/bootstrap/default/layout-dark.html]
[html.codedthemes.com/flash-able/bootstrap/default/layout-menu-icon.html]
[html.codedthemes.com/flash-able/bootstrap/assets/images/widget/slider7.jpg]
[html.codedthemes.com/flash-able/bootstrap/assets/images/widget/slider5.jpg]
[html.codedthemes.com/flash-able/bootstrap/assets/images/widget/user-blur-bg.png]
[html.codedthemes.com/flash-able/bootstrap/assets/images/widget/profile-person1.jpg]
[html.codedthemes.com/flash-able/bootstrap/assets/images/widget/weather-card-bg.png]
[html.codedthemes.com/flash-able/bootstrap/default/widget-statistic.html]
[html.codedthemes.com/flash-able/bootstrap/assets/images/user/avatar-5.jpg]
[html.codedthemes.com/flash-able/bootstrap/assets/images/widget/p1.jpg]
[html.codedthemes.com/flash-able/bootstrap/assets/images/widget/p2.jpg]
[html.codedthemes.com/flash-able/bootstrap/assets/images/widget/p3.jpg]
[html.codedthemes.com/flash-able/bootstrap/assets/images/widget/p4.jpg]
[html.codedthemes.com/flash-able/bootstrap/assets/images/slider/img-slide-4.jpg]
[html.codedthemes.com/flash-able/bootstrap/assets/images/slider/img-slide-5.jpg]
[html.codedthemes.com/flash-able/bootstrap/assets/images/slider/img-slide-1.jpg]
[html.codedthemes.com/flash-able/bootstrap/assets/images/slider/img-slide-2.jpg]
[html.codedthemes.com/flash-able/bootstrap/assets/js/pages/widget-data.js]
[html.codedthemes.com/flash-able/bootstrap/default/widget-data.html]
[html.codedthemes.com/flash-able/bootstrap/assets/plugins/flot/js/jquery.flot.js]
[html.codedthemes.com/flash-able/bootstrap/assets/plugins/flot/js/jquery.flot.categories.js]
[html.codedthemes.com/flash-able/bootstrap/assets/plugins/flot/js/curvedLines.js]
[html.codedthemes.com/flash-able/bootstrap/assets/plugins/flot/js/jquery.flot.tooltip.min.js]
[html.codedthemes.com/flash-able/bootstrap/assets/plugins/chart-peity/js/jquery.peity.min.js]
[html.codedthemes.com/flash-able/bootstrap/assets/js/pages/chart.js]
[html.codedthemes.com/flash-able/bootstrap/default/widget-chart.html]
[html.codedthemes.com/flash-able/bootstrap/default/bc_alert.html]
[html.codedthemes.com/flash-able/bootstrap/default/bc_button.html]
[html.codedthemes.com/flash-able/bootstrap/default/bc_badges.html]
[html.codedthemes.com/flash-able/bootstrap/default/bc_breadcrumb-pagination.html]
[html.codedthemes.com/flash-able/bootstrap/assets/images/slider/img-slide-3.jpg]
[html.codedthemes.com/flash-able/bootstrap/assets/images/slider/img-slide-6.jpg]
[html.codedthemes.com/flash-able/bootstrap/assets/images/slider/img-slide-7.jpg]
[html.codedthemes.com/flash-able/bootstrap/default/bc_card.html]
[html.codedthemes.com/flash-able/bootstrap/default/bc_collapse.html]
[html.codedthemes.com/flash-able/bootstrap/default/bc_carousel.html]
[html.codedthemes.com/flash-able/bootstrap/default/bc_grid.html]
[html.codedthemes.com/flash-able/bootstrap/default/bc_progress.html]
[html.codedthemes.com/flash-able/bootstrap/default/bc_modal.html]
[html.codedthemes.com/flash-able/bootstrap/default/bc_spinner.html]
[html.codedthemes.com/flash-able/bootstrap/default/bc_tabs.html]
[html.codedthemes.com/flash-able/bootstrap/default/bc_typography.html]
[html.codedthemes.com/flash-able/bootstrap/default/bc_tooltip-popover.html]
[html.codedthemes.com/flash-able/bootstrap/default/bc_toasts.html]
[html.codedthemes.com/flash-able/bootstrap/default/bc_extra.html]
[html.codedthemes.com/flash-able/bootstrap/assets/plugins/sweetalert/js/sweetalert.min.js]
[html.codedthemes.com/flash-able/bootstrap/assets/js/pages/ac-alert.js]
[html.codedthemes.com/flash-able/bootstrap/default/ac_alert.html]
[html.codedthemes.com/flash-able/bootstrap/assets/plugins/bootstrap-datetimepicker/js/bootstrap-datepicker.min.js]
[html.codedthemes.com/flash-able/bootstrap/assets/js/pages/ac-datepicker.js]
[html.codedthemes.com/flash-able/bootstrap/default/ac-datepicker-componant.html]
[html.codedthemes.com/flash-able/bootstrap/assets/plugins/jquery-ui/js/jquery-ui.js]
[html.codedthemes.com/flash-able/bootstrap/assets/plugins/gridstack/js/lodash.min.js]
[html.codedthemes.com/flash-able/bootstrap/assets/plugins/gridstack/js/gridstack.min.js]
[html.codedthemes.com/flash-able/bootstrap/assets/plugins/gridstack/js/gridstack.jQueryUI.min.js]
[html.codedthemes.com/flash-able/bootstrap/assets/js/pages/ac-gridstack.js]
[html.codedthemes.com/flash-able/bootstrap/default/ac_gridstack.html]
[html.codedthemes.com/flash-able/bootstrap/assets/images/light-box/l1.jpg]
[html.codedthemes.com/flash-able/bootstrap/assets/images/light-box/sl1.jpg]
[html.codedthemes.com/flash-able/bootstrap/assets/images/light-box/l2.jpg]
[html.codedthemes.com/flash-able/bootstrap/assets/images/light-box/sl2.jpg]
[html.codedthemes.com/flash-able/bootstrap/assets/images/light-box/l3.jpg]
[html.codedthemes.com/flash-able/bootstrap/assets/images/light-box/l4.jpg]
[html.codedthemes.com/flash-able/bootstrap/assets/images/light-box/sl4.jpg]
[html.codedthemes.com/flash-able/bootstrap/assets/images/light-box/sl5.jpg]
[html.codedthemes.com/flash-able/bootstrap/assets/images/light-box/l6.jpg]
[html.codedthemes.com/flash-able/bootstrap/assets/images/light-box/sl6.jpg]
[html.codedthemes.com/flash-able/bootstrap/assets/images/light-box/v1.jpg]
[html.codedthemes.com/flash-able/bootstrap/assets/images/light-box/v2.jpg]
[html.codedthemes.com/flash-able/bootstrap/assets/images/light-box/v3.jpg]
[html.codedthemes.com/flash-able/bootstrap/assets/images/light-box/mixin.jpg]
[html.codedthemes.com/flash-able/bootstrap/assets/images/light-box/smixin.jpg]
[html.codedthemes.com/flash-able/bootstrap/assets/images/light-box/v4.jpg]
[html.codedthemes.com/flash-able/bootstrap/assets/plugins/ekko-lightbox/js/ekko-lightbox.min.js]
[html.codedthemes.com/flash-able/bootstrap/assets/plugins/lightbox2-master/js/lightbox.min.js]
[html.codedthemes.com/flash-able/bootstrap/assets/js/pages/ac-lightbox.js]
[html.codedthemes.com/flash-able/bootstrap/default/ac_lightbox.html]
[html.codedthemes.com/flash-able/bootstrap/assets/plugins/modal-window-effects/js/classie.js]
[html.codedthemes.com/flash-able/bootstrap/assets/plugins/modal-window-effects/js/modalEffects.js]
[html.codedthemes.com/flash-able/bootstrap/default/ac_modal.html]
[html.codedthemes.com/flash-able/bootstrap/assets/plugins/notification/js/bootstrap-growl.min.js]
[html.codedthemes.com/flash-able/bootstrap/assets/js/pages/ac-notification.js]
[html.codedthemes.com/flash-able/bootstrap/default/ac_notification.html]
[html.codedthemes.com/flash-able/bootstrap/assets/plugins/nestable-master/js/jquery.nestable.js]
[html.codedthemes.com/flash-able/bootstrap/assets/js/pages/ac-nestable.js]
[html.codedthemes.com/flash-able/bootstrap/default/ac_nestable.html]
[html.codedthemes.com/flash-able/bootstrap/assets/plugins/pnotify/js/pnotify.custom.min.js]
[html.codedthemes.com/flash-able/bootstrap/assets/plugins/pnotify/js/notify-event.js]
[html.codedthemes.com/flash-able/bootstrap/default/ac_pnotify.html]
[html.codedthemes.com/flash-able/bootstrap/assets/js/pages/ac-rating.js]
[html.codedthemes.com/flash-able/bootstrap/default/ac_rating.html]
[html.codedthemes.com/flash-able/bootstrap/assets/plugins/range-slider/js/bootstrap-slider.min.js]
[html.codedthemes.com/flash-able/bootstrap/assets/js/pages/ac-rangeslider.js]
[html.codedthemes.com/flash-able/bootstrap/default/ac_rangeslider.html]
[html.codedthemes.com/flash-able/bootstrap/assets/plugins/owl-carousel/js/owl.carousel.min.js]
[html.codedthemes.com/flash-able/bootstrap/assets/js/pages/ac-slider.js]
[html.codedthemes.com/flash-able/bootstrap/default/ac_slider.html]
[html.codedthemes.com/flash-able/bootstrap/default/ac_syntax_highlighter.html]
[html.codedthemes.com/flash-able/bootstrap/assets/plugins/enjoyhint/js/kinetic-v5.1.0.min.js]
[html.codedthemes.com/flash-able/bootstrap/assets/plugins/enjoyhint/js/jquery.enjoyhint.js]
[html.codedthemes.com/flash-able/bootstrap/assets/js/pages/ac-tour.js]
[html.codedthemes.com/flash-able/bootstrap/default/ac_tour.html]
[html.codedthemes.com/flash-able/bootstrap/assets/plugins/jstree/js/jstree.min.js]
[cdnjs.cloudflare.com/ajax/libs/jqueryui/1.12.1/jquery-ui.min.js]
[html.codedthemes.com/flash-able/bootstrap/assets/js/pages/ac-treeview.js]
[html.codedthemes.com/flash-able/bootstrap/default/ac_treeview.html]
[html.codedthemes.com/flash-able/bootstrap/assets/plugins/toolbar/js/jquery.toolbar.min.js]
[html.codedthemes.com/flash-able/bootstrap/assets/js/pages/ac-toolbar.js]
[html.codedthemes.com/flash-able/bootstrap/default/ac_toolbar.html]
[html.codedthemes.com/flash-able/bootstrap/assets/images/widget/slider6.jpg]
[html.codedthemes.com/flash-able/bootstrap/assets/images/user/cover.jpg]
[html.codedthemes.com/flash-able/bootstrap/assets/images/user/img-avatar-3.jpg]
[html.codedthemes.com/flash-able/bootstrap/assets/images/user/img-avatar-1.jpg]
[html.codedthemes.com/flash-able/bootstrap/assets/images/user/img-avatar-2.jpg]
[html.codedthemes.com/flash-able/bootstrap/default/ac_usercard.html]
[html.codedthemes.com/flash-able/bootstrap/assets/images/gallery-grid/img-grd-gal-2.jpg]
[html.codedthemes.com/flash-able/bootstrap/assets/images/gallery-grid/img-grd-gal-4.jpg]
[html.codedthemes.com/flash-able/bootstrap/assets/plugins/timeline-master/js/modernizr.js]
[html.codedthemes.com/flash-able/bootstrap/assets/plugins/timeline-master/js/hor-main.js]
[html.codedthemes.com/flash-able/bootstrap/assets/plugins/timeline-master/js/ver-main.js]
[html.codedthemes.com/flash-able/bootstrap/assets/js/pages/timeline/modernizr.custom.js]
[html.codedthemes.com/flash-able/bootstrap/default/timeline.html]
[html.codedthemes.com/flash-able/bootstrap/assets/js/pages/sessionTimeout-custom.js]
[html.codedthemes.com/flash-able/bootstrap/default/ec-session-timeout.html]
[html.codedthemes.com/flash-able/bootstrap/assets/plugins/session-idle-timeout/js/session_timeout.min.js]
[html.codedthemes.com/flash-able/bootstrap/assets/js/pages/session-idle-Timeout-custom.js]
[html.codedthemes.com/flash-able/bootstrap/default/ec-session-idle-timeout.html]
[html.codedthemes.com/flash-able/bootstrap/assets/plugins/offline/js/offline.min.js]
[html.codedthemes.com/flash-able/bootstrap/assets/js/pages/offline-custom.js]
[html.codedthemes.com/flash-able/bootstrap/default/ec-offline.html]
[html.codedthemes.com/flash-able/bootstrap/assets/images/product/prod-1.jpg]
[html.codedthemes.com/flash-able/bootstrap/assets/images/product/prod-2.jpg]
[html.codedthemes.com/flash-able/bootstrap/assets/images/product/prod-3.jpg]
[html.codedthemes.com/flash-able/bootstrap/assets/images/product/prod-4.jpg]
[html.codedthemes.com/flash-able/bootstrap/assets/images/product/prod-5.jpg]
[html.codedthemes.com/flash-able/bootstrap/default/animation.html]
[html.codedthemes.com/flash-able/bootstrap/assets/plugins/clipboard/js/clipboard.js]
[html.codedthemes.com/flash-able/bootstrap/default/icon-feather.html]
[html.codedthemes.com/flash-able/bootstrap/default/icon-fontawsome.html]
[html.codedthemes.com/flash-able/bootstrap/default/icon-flag.html]
[html.codedthemes.com/flash-able/bootstrap/default/icon-material.html]
[html.codedthemes.com/flash-able/bootstrap/default/icon-simple-line.html]
[html.codedthemes.com/flash-able/bootstrap/default/icon-themify.html]
[html.codedthemes.com/flash-able/bootstrap/default/form_elements.html]
[html.codedthemes.com/flash-able/bootstrap/assets/plugins/bootstrap-tagsinput-latest/js/bootstrap-tagsinput.min.js]
[cdnjs.cloudflare.com/ajax/libs/typeahead.js/0.11.1/typeahead.bundle.min.js]
[html.codedthemes.com/flash-able/bootstrap/assets/plugins/bootstrap-maxlength/js/bootstrap-maxlength.min.js]
[html.codedthemes.com/flash-able/bootstrap/assets/js/pages/form-advance-custom.js]
[html.codedthemes.com/flash-able/bootstrap/default/form-elements-advance.html]
[html.codedthemes.com/flash-able/bootstrap/assets/plugins/jquery-validation/js/jquery.validate.min.js]
[html.codedthemes.com/flash-able/bootstrap/assets/js/pages/form-validation.js]
[html.codedthemes.com/flash-able/bootstrap/default/form-validation.html]
[html.codedthemes.com/flash-able/bootstrap/assets/plugins/inputmask/js/inputmask.min.js]
[html.codedthemes.com/flash-able/bootstrap/assets/plugins/inputmask/js/jquery.inputmask.min.js]
[html.codedthemes.com/flash-able/bootstrap/assets/plugins/inputmask/js/autoNumeric.js]
[html.codedthemes.com/flash-able/bootstrap/assets/js/pages/form-masking-custom.js]
[html.codedthemes.com/flash-able/bootstrap/default/form-masking.html]
[html.codedthemes.com/flash-able/bootstrap/assets/plugins/smart-wizard/js/jquery.smartWizard.min.js]
[html.codedthemes.com/flash-able/bootstrap/assets/js/pages/wizard-custom.js]
[html.codedthemes.com/flash-able/bootstrap/default/form-wizard.html]
[html.codedthemes.com/flash-able/bootstrap/assets/plugins/material-datetimepicker/js/bootstrap-material-datetimepicker.js]
[html.codedthemes.com/flash-able/bootstrap/assets/plugins/mini-color/js/jquery.minicolors.min.js]
[html.codedthemes.com/flash-able/bootstrap/assets/js/pages/form-picker-custom.js]
[html.codedthemes.com/flash-able/bootstrap/default/form-picker.html]
[html.codedthemes.com/flash-able/bootstrap/assets/plugins/select2/js/select2.full.min.js]
[momentjs.com/downloads/moment-with-locales.min.js]
[html.codedthemes.com/flash-able/bootstrap/assets/plugins/multi-select/js/jquery.quicksearch.js]
[html.codedthemes.com/flash-able/bootstrap/assets/plugins/multi-select/js/jquery.multi-select.js]
[html.codedthemes.com/flash-able/bootstrap/assets/js/pages/form-select-custom.js]
[html.codedthemes.com/flash-able/bootstrap/default/form-select.html]
[html.codedthemes.com/flash-able/bootstrap/default/tbl_bootstrap.html]
[html.codedthemes.com/flash-able/bootstrap/default/tbl_sizing.html]
[html.codedthemes.com/flash-able/bootstrap/default/tbl_border.html]
[html.codedthemes.com/flash-able/bootstrap/default/tbl_styling.html]
[html.codedthemes.com/flash-able/bootstrap/assets/plugins/data-tables/js/datatables.min.js]
[html.codedthemes.com/flash-able/bootstrap/assets/js/pages/data-basic-custom.js]
[html.codedthemes.com/flash-able/bootstrap/default/dt_basic.html]
[html.codedthemes.com/flash-able/bootstrap/assets/js/pages/data-advance-custom.js]
[html.codedthemes.com/flash-able/bootstrap/default/dt_advance.html]
[html.codedthemes.com/flash-able/bootstrap/assets/js/pages/data-styling-custom.js]
[html.codedthemes.com/flash-able/bootstrap/default/dt_styling.html]
[html.codedthemes.com/flash-able/bootstrap/assets/js/pages/data-api-custom.js]
[html.codedthemes.com/flash-able/bootstrap/default/dt_api.html]
[html.codedthemes.com/flash-able/bootstrap/assets/js/pages/data-ajax-custom.js]
[html.codedthemes.com/flash-able/bootstrap/default/dt_ajax.html]
[html.codedthemes.com/flash-able/bootstrap/assets/js/pages/data-server-custom.js]
[html.codedthemes.com/flash-able/bootstrap/default/dt_serverside.html]
[html.codedthemes.com/flash-able/bootstrap/assets/js/pages/data-plugin-custom.js]
[html.codedthemes.com/flash-able/bootstrap/default/dt_plugin.html]
[html.codedthemes.com/flash-able/bootstrap/assets/js/pages/data-source-custom.js]
[html.codedthemes.com/flash-able/bootstrap/default/dt_sources.html]
[html.codedthemes.com/flash-able/bootstrap/assets/plugins/data-tables/js/dataTables.select.min.js]
[html.codedthemes.com/flash-able/bootstrap/assets/js/pages/data-autofill-custom.js]
[html.codedthemes.com/flash-able/bootstrap/default/dt_ext_autofill.html]
[html.codedthemes.com/flash-able/bootstrap/assets/plugins/data-tables/js/buttons.colVis.min.js]
[html.codedthemes.com/flash-able/bootstrap/assets/js/pages/data-buttons-custom.js]
[html.codedthemes.com/flash-able/bootstrap/default/dt_ext_basic_buttons.html]
[html.codedthemes.com/flash-able/bootstrap/assets/js/pages/data-export-custom.js]
[html.codedthemes.com/flash-able/bootstrap/default/dt_ext_export_buttons.html]
[html.codedthemes.com/flash-able/bootstrap/assets/js/pages/data-reorder-custom.js]
[html.codedthemes.com/flash-able/bootstrap/default/dt_ext_col_reorder.html]
[html.codedthemes.com/flash-able/bootstrap/assets/js/pages/data-column-custom.js]
[html.codedthemes.com/flash-able/bootstrap/default/dt_ext_fixed_columns.html]
[html.codedthemes.com/flash-able/bootstrap/assets/js/pages/data-header-custom.js]
[html.codedthemes.com/flash-able/bootstrap/default/dt_ext_fixed_header.html]
[html.codedthemes.com/flash-able/bootstrap/assets/js/pages/data-key-custom.js]
[html.codedthemes.com/flash-able/bootstrap/default/dt_ext_key_table.html]
[cdn.datatables.net/keytable/2.5.0/js/dataTables.keyTable.min.js]
[html.codedthemes.com/flash-able/bootstrap/assets/js/pages/data-responsive-custom.js]
[html.codedthemes.com/flash-able/bootstrap/default/dt_ext_responsive.html]
[html.codedthemes.com/flash-able/bootstrap/assets/js/pages/data-row-custom.js]
[html.codedthemes.com/flash-able/bootstrap/default/dt_ext_row_reorder.html]
[html.codedthemes.com/flash-able/bootstrap/assets/js/pages/data-scroller-custom.js]
[html.codedthemes.com/flash-able/bootstrap/default/dt_ext_scroller.html]
[html.codedthemes.com/flash-able/bootstrap/assets/js/pages/data-select-custom.js]
[html.codedthemes.com/flash-able/bootstrap/default/dt_ext_select.html]
[html.codedthemes.com/flash-able/bootstrap/assets/plugins/editable/js/jquery.tabledit.js]
[html.codedthemes.com/flash-able/bootstrap/assets/js/pages/editable-custom.js]
[html.codedthemes.com/flash-able/bootstrap/default/editable_table.html]
[html.codedthemes.com/flash-able/bootstrap/assets/plugins/footable/js/footable.min.js]
[html.codedthemes.com/flash-able/bootstrap/default/tbl_foo.html]
[html.codedthemes.com/flash-able/bootstrap/assets/js/pages/chart-am-custom.js]
[html.codedthemes.com/flash-able/bootstrap/default/chart-am.html]
[html.codedthemes.com/flash-able/bootstrap/assets/plugins/chart-chartjs/js/Chart.min.js]
[html.codedthemes.com/flash-able/bootstrap/assets/js/pages/chart-chart-custom.js]
[html.codedthemes.com/flash-able/bootstrap/default/chart-chartjs.html]
[html.codedthemes.com/flash-able/bootstrap/assets/plugins/chart-echarts/js/echarts-en.min.js]
[echarts.baidu.com/echarts2/doc/example/timelineOption.js]
[html.codedthemes.com/flash-able/bootstrap/assets/js/pages/chart-echart-custom.js]
[html.codedthemes.com/flash-able/bootstrap/default/chart-echart.html]
[www.gstatic.com/charts/loader.js]
[html.codedthemes.com/flash-able/bootstrap/assets/js/pages/chart-google-custom.js]
[html.codedthemes.com/flash-able/bootstrap/default/chart-google.html]
[html.codedthemes.com/flash-able/bootstrap/assets/plugins/chart-highchart/js/highcharts.js]
[html.codedthemes.com/flash-able/bootstrap/assets/plugins/chart-highchart/js/highcharts-3d.js]
[html.codedthemes.com/flash-able/bootstrap/assets/js/pages/chart-highchart-custom.js]
[html.codedthemes.com/flash-able/bootstrap/default/chart-highchart.html]
[html.codedthemes.com/flash-able/bootstrap/assets/plugins/chart-knob/js/jquery.knob.min.js]
[html.codedthemes.com/flash-able/bootstrap/assets/plugins/chart-knob/js/jquery.knob-custom.min.js]
[html.codedthemes.com/flash-able/bootstrap/default/chart-knob.html]
[html.codedthemes.com/flash-able/bootstrap/assets/plugins/chart-morris/js/raphael.min.js]
[html.codedthemes.com/flash-able/bootstrap/assets/plugins/chart-morris/js/morris.min.js]
[html.codedthemes.com/flash-able/bootstrap/assets/js/pages/chart-morris-custom.js]
[html.codedthemes.com/flash-able/bootstrap/default/chart-morris.html]
[html.codedthemes.com/flash-able/bootstrap/assets/plugins/chart-nvd3/js/d3.min.js]
[html.codedthemes.com/flash-able/bootstrap/assets/plugins/chart-nvd3/js/nv.d3.min.js]
[html.codedthemes.com/flash-able/bootstrap/assets/plugins/chart-nvd3/js/stream_layers.js]
[html.codedthemes.com/flash-able/bootstrap/assets/js/pages/chart-nvd3-custom.js]
[html.codedthemes.com/flash-able/bootstrap/default/chart-nvd3.html]
[html.codedthemes.com/flash-able/bootstrap/assets/js/pages/chart-peity-custom.js]
[html.codedthemes.com/flash-able/bootstrap/default/chart-peity.html]
[html.codedthemes.com/flash-able/bootstrap/default/chart-radial.html]
[developers.google.com/maps/documentation/javascript/examples/markerclusterer/markerclusterer.js]
[html.codedthemes.com/flash-able/bootstrap/assets/plugins/google-maps/js/gmaps.js]
[html.codedthemes.com/flash-able/bootstrap/assets/js/pages/google-maps.js]
[html.codedthemes.com/flash-able/bootstrap/default/map-google.html]
[html.codedthemes.com/flash-able/bootstrap/assets/plugins/vector-maps/js/gdp-data.js]
[html.codedthemes.com/flash-able/bootstrap/assets/plugins/vector-maps/js/jquery-jvectormap-2.0.2.min.js]
[html.codedthemes.com/flash-able/bootstrap/assets/plugins/vector-maps/js/jquery-jvectormap-asia-mill.js]
[html.codedthemes.com/flash-able/bootstrap/assets/plugins/vector-maps/js/jquery-jvectormap-au-mill.js]
[html.codedthemes.com/flash-able/bootstrap/assets/plugins/vector-maps/js/jquery-jvectormap-ca-lcc.js]
[html.codedthemes.com/flash-able/bootstrap/assets/plugins/vector-maps/js/jquery-jvectormap-de-mill.js]
[html.codedthemes.com/flash-able/bootstrap/assets/plugins/vector-maps/js/jquery-jvectormap-in-mill.js]
[html.codedthemes.com/flash-able/bootstrap/assets/plugins/vector-maps/js/jquery-jvectormap-uk-mill-en.js]
[html.codedthemes.com/flash-able/bootstrap/assets/plugins/vector-maps/js/jquery-jvectormap-us-aea-en.js]
[html.codedthemes.com/flash-able/bootstrap/assets/plugins/vector-maps/js/jquery-jvectormap-us-il-chicago-mill-en.js]
[html.codedthemes.com/flash-able/bootstrap/assets/plugins/vector-maps/js/jquery-jvectormap-world-mill-en.js]
[html.codedthemes.com/flash-able/bootstrap/assets/js/pages/map-vector.js]
[html.codedthemes.com/flash-able/bootstrap/default/map-vector.html]
[html.codedthemes.com/flash-able/bootstrap/assets/js/pages/map-api.js]
[html.codedthemes.com/flash-able/bootstrap/default/map-api.html]
[cdn.leafletjs.com/leaflet/v1.0.2/leaflet.js]
[api.tiles.mapbox.com/mapbox-gl-js/v0.28.0/mapbox-gl.css]
[cdnjs.cloudflare.com/ajax/libs/leaflet.markercluster/1.0.0/leaflet.markercluster.js]
[cdnjs.cloudflare.com/ajax/libs/leaflet.markercluster/1.0.0/MarkerCluster.css]
[cdnjs.cloudflare.com/ajax/libs/leaflet.markercluster/1.0.0/MarkerCluster.Default.css]
[html.codedthemes.com/flash-able/bootstrap/assets/js/pages/leaflet-mapbox-gl.js]
[html.codedthemes.com/flash-able/bootstrap/default/map-location.html]
[api.tiles.mapbox.com/mapbox-gl-js/v0.28.0/mapbox-gl.js]
[html.codedthemes.com/flash-able/bootstrap/default/extra-pages/landingpage/assets/logos/favicon.ico]
[html.codedthemes.com/flash-able/bootstrap/default/extra-pages/landingpage/assets/logos/logo.png]
[html.codedthemes.com/flash-able/bootstrap/default/extra-pages/landingpage/assets/images/app_hero_1.png]
[html.codedthemes.com/flash-able/bootstrap/default/extra-pages/landingpage/assets/logos/icon1.png]
[html.codedthemes.com/flash-able/bootstrap/default/extra-pages/landingpage/assets/logos/icon2.png]
[html.codedthemes.com/flash-able/bootstrap/default/extra-pages/landingpage/assets/logos/icon3.png]
[html.codedthemes.com/flash-able/bootstrap/default/extra-pages/landingpage/assets/images/feature_1.png]
[html.codedthemes.com/flash-able/bootstrap/default/extra-pages/landingpage/assets/images/feature_2.png]
[html.codedthemes.com/flash-able/bootstrap/default/extra-pages/landingpage/assets/images/testimonial2.jpg]
[html.codedthemes.com/flash-able/bootstrap/default/extra-pages/landingpage/assets/images/testimonial1.jpg]
[html.codedthemes.com/flash-able/bootstrap/default/extra-pages/landingpage/assets/images/testimonial3.jpg]
[html.codedthemes.com/flash-able/bootstrap/default/extra-pages/landingpage/assets/images/big_feature.png]
[html.codedthemes.com/flash-able/bootstrap/default/extra-pages/landingpage/assets/logos/feature_icon.png]
[html.codedthemes.com/flash-able/bootstrap/default/extra-pages/landingpage/assets/logos/feature_icon_2.png]
[html.codedthemes.com/flash-able/bootstrap/default/extra-pages/landingpage/assets/logos/feature_icon_3.png]
[html.codedthemes.com/flash-able/bootstrap/default/extra-pages/landingpage/assets/logos/cart2.png]
[html.codedthemes.com/flash-able/bootstrap/default/extra-pages/landingpage/assets/logos/logo1.png]
[html.codedthemes.com/flash-able/bootstrap/default/extra-pages/landingpage/assets/logos/logo2.png]
[html.codedthemes.com/flash-able/bootstrap/default/extra-pages/landingpage/assets/logos/logo3.png]
[html.codedthemes.com/flash-able/bootstrap/default/extra-pages/landingpage/assets/logos/logo4.png]
[html.codedthemes.com/flash-able/bootstrap/default/extra-pages/landingpage/assets/logos/logo6.png]
[html.codedthemes.com/flash-able/bootstrap/default/extra-pages/landingpage/assets/logos/logo7.png]
[html.codedthemes.com/flash-able/bootstrap/default/extra-pages/landingpage/assets/js/jquery-2.1.1.js]
[html.codedthemes.com/flash-able/bootstrap/default/extra-pages/landingpage/assets/js/bootstrap.min.js]
[html.codedthemes.com/flash-able/bootstrap/default/extra-pages/landingpage/assets/js/plugins.js]
[html.codedthemes.com/flash-able/bootstrap/default/extra-pages/landingpage/assets/js/menu.js]
[html.codedthemes.com/flash-able/bootstrap/default/extra-pages/landingpage/assets/js/custom.js]
[html.codedthemes.com/flash-able/bootstrap/default/extra-pages/landingpage/index.html]
[html.codedthemes.com/flash-able/bootstrap/assets/images/logo-dark.png]
[html.codedthemes.com/flash-able/bootstrap/assets/images/auth-bg.jpg]
[html.codedthemes.com/flash-able/bootstrap/default/auth-signup.html]
[html.codedthemes.com/flash-able/bootstrap/assets/js/pages/new-signup/imagesloaded.pkgd.min.js]
[html.codedthemes.com/flash-able/bootstrap/assets/js/pages/new-signup/zxcvbn.js]
[html.codedthemes.com/flash-able/bootstrap/assets/js/pages/new-signup/demo1.js]
[html.codedthemes.com/flash-able/bootstrap/default/auth-signup1.html]
[html.codedthemes.com/flash-able/bootstrap/default/auth-signin.html]
[html.codedthemes.com/flash-able/bootstrap/default/auth-signin-img-side.html]
[html.codedthemes.com/flash-able/bootstrap/assets/images/auth/img-auth-1.jpg]
[html.codedthemes.com/flash-able/bootstrap/assets/images/auth/img-auth-2.jpg]
[html.codedthemes.com/flash-able/bootstrap/assets/images/auth/img-auth-3.jpg]
[html.codedthemes.com/flash-able/bootstrap/default/auth-signin-img-slider.html]
[html.codedthemes.com/flash-able/bootstrap/default/auth-signin-img-slider2.html]
[html.codedthemes.com/flash-able/bootstrap/assets/images/logo.png]
[html.codedthemes.com/flash-able/bootstrap/default/auth-signin-img-tabs.html]
[html.codedthemes.com/flash-able/bootstrap/default/auth-reset-password.html]
[html.codedthemes.com/flash-able/bootstrap/default/auth-change-password.html]
[html.codedthemes.com/flash-able/bootstrap/default/auth-profile-settings.html]
[html.codedthemes.com/flash-able/bootstrap/assets/images/error/404-01.png]
[html.codedthemes.com/flash-able/bootstrap/assets/images/error/shadows-01.png]
[html.codedthemes.com/flash-able/bootstrap/assets/images/error/monster-01.png]
[html.codedthemes.com/flash-able/bootstrap/assets/images/error/text-01.png]
[html.codedthemes.com/flash-able/bootstrap/assets/images/error/monster-eyes-01.png]
[html.codedthemes.com/flash-able/bootstrap/assets/js/pages/error.js]
[html.codedthemes.com/flash-able/bootstrap/default/maint-error.html]
[html.codedthemes.com/flash-able/bootstrap/default/maint-offline-ui.html]
[html.codedthemes.com/flash-able/bootstrap/default/message.html]
[html.codedthemes.com/flash-able/bootstrap/default/email_inbox.html]
[html.codedthemes.com/flash-able/bootstrap/default/email_read.html]
[html.codedthemes.com/flash-able/bootstrap/assets/plugins/tinymce/tinymce.min.js]
[html.codedthemes.com/flash-able/bootstrap/default/email_compose.html]
[html.codedthemes.com/flash-able/bootstrap/default/task-list.html]
[html.codedthemes.com/flash-able/bootstrap/assets/js/pages/task-board.js]
[html.codedthemes.com/flash-able/bootstrap/default/task-board.html]
[html.codedthemes.com/flash-able/bootstrap/default/task-detail.html]
[html.codedthemes.com/flash-able/bootstrap/assets/plugins/todo/js/todo.js]
[html.codedthemes.com/flash-able/bootstrap/default/todo.html]
[html.codedthemes.com/flash-able/bootstrap/assets/plugins/autosize/js/autosize.min.js]
[html.codedthemes.com/flash-able/bootstrap/assets/plugins/store-js/js/store.min.js]
[html.codedthemes.com/flash-able/bootstrap/assets/plugins/moment/js/moment.js]
[html.codedthemes.com/flash-able/bootstrap/assets/plugins/store-js/js/note.js]
[html.codedthemes.com/flash-able/bootstrap/default/notes.html]
[html.codedthemes.com/flash-able/bootstrap/assets/images/gallery-grid/img-grd-gal-1.jpg]
[html.codedthemes.com/flash-able/bootstrap/assets/images/gallery-grid/img-grd-gal-3.jpg]
[html.codedthemes.com/flash-able/bootstrap/assets/images/gallery-grid/img-grd-gal-5.jpg]
[html.codedthemes.com/flash-able/bootstrap/assets/images/gallery-grid/img-grd-gal-6.jpg]
[html.codedthemes.com/flash-able/bootstrap/default/gallery-grid.html]
[html.codedthemes.com/flash-able/bootstrap/assets/images/gallery-grid/masonry-1.jpg]
[html.codedthemes.com/flash-able/bootstrap/assets/images/gallery-grid/masonry-2.jpg]
[html.codedthemes.com/flash-able/bootstrap/assets/images/gallery-grid/masonry-3.jpg]
[html.codedthemes.com/flash-able/bootstrap/assets/images/gallery-grid/masonry-4.jpg]
[html.codedthemes.com/flash-able/bootstrap/assets/images/gallery-grid/masonry-5.jpg]
[html.codedthemes.com/flash-able/bootstrap/assets/images/gallery-grid/masonry-6.jpg]
[html.codedthemes.com/flash-able/bootstrap/assets/images/gallery-grid/masonry-7.jpg]
[html.codedthemes.com/flash-able/bootstrap/assets/images/gallery-grid/masonry-8.jpg]
[html.codedthemes.com/flash-able/bootstrap/default/gallery-masonry.html]
[html.codedthemes.com/flash-able/bootstrap/default/gallery-advance.html]
[html.codedthemes.com/flash-able/bootstrap/assets/js/pages/search/demo1.js]
[html.codedthemes.com/flash-able/bootstrap/default/search1.html]
[html.codedthemes.com/flash-able/bootstrap/assets/js/pages/search/demo2.js]
[html.codedthemes.com/flash-able/bootstrap/default/search2.html]
[html.codedthemes.com/flash-able/bootstrap/assets/js/pages/search/demo3.js]
[html.codedthemes.com/flash-able/bootstrap/default/search3.html]
[html.codedthemes.com/flash-able/bootstrap/assets/js/pages/ticksy-dashboard-help.js]
[html.codedthemes.com/flash-able/bootstrap/default/hd-help-desk.html]
[html.codedthemes.com/flash-able/bootstrap/assets/images/ticket/p1.jpg]
[html.codedthemes.com/flash-able/bootstrap/assets/images/ticket/p2.jpg]
[html.codedthemes.com/flash-able/bootstrap/assets/images/ticket/p3.jpg]
[html.codedthemes.com/flash-able/bootstrap/assets/images/ticket/p4.jpg]
[html.codedthemes.com/flash-able/bootstrap/assets/images/ticket/p5.jpg]
[html.codedthemes.com/flash-able/bootstrap/default/hd-dashboard.html]
[html.codedthemes.com/flash-able/bootstrap/default/hd-cust-list.html]
[html.codedthemes.com/flash-able/bootstrap/default/hd-detail.html]
[html.codedthemes.com/flash-able/bootstrap/default/hd-new-ticket.html]
[ckeditor.com/assets/images/bg/umbrellas-e935d5c582.jpg]
[html.codedthemes.com/flash-able/bootstrap/assets/plugins/ckeditor/js/ckeditor.js]
[html.codedthemes.com/flash-able/bootstrap/default/editor-classic.html]
[html.codedthemes.com/flash-able/bootstrap/assets/plugins/ckeditor/js/balloon/ckeditor.js]
[html.codedthemes.com/flash-able/bootstrap/default/editor-balloon.html]
[html.codedthemes.com/flash-able/bootstrap/assets/plugins/ckeditor/js/inline/ckeditor.js]
[html.codedthemes.com/flash-able/bootstrap/default/editor-inline.html]
[html.codedthemes.com/flash-able/bootstrap/assets/plugins/ckeditor/js/document/ckeditor.js]
[html.codedthemes.com/flash-able/bootstrap/default/editor-document.html]
[html.codedthemes.com/flash-able/bootstrap/default/editor-tinymce.html]
[html.codedthemes.com/flash-able/bootstrap/default/invoice.html]
[html.codedthemes.com/flash-able/bootstrap/default/invoice-summary.html]
[html.codedthemes.com/flash-able/bootstrap/assets/js/pages/invoice-list.js]
[html.codedthemes.com/flash-able/bootstrap/default/invoice-list.html]
[html.codedthemes.com/flash-able/bootstrap/assets/plugins/fullcalendar/js/lib/moment.min.js]
[html.codedthemes.com/flash-able/bootstrap/assets/plugins/fullcalendar/js/lib/jquery-ui.min.js]
[html.codedthemes.com/flash-able/bootstrap/assets/plugins/fullcalendar/js/fullcalendar.min.js]
[html.codedthemes.com/flash-able/bootstrap/default/full-calendar.html]
[html.codedthemes.com/flash-able/bootstrap/assets/plugins/fileupload/js/dropzone-amd-module.min.js]
[html.codedthemes.com/flash-able/bootstrap/default/file-upload.html]
[html.codedthemes.com/flash-able/bootstrap/assets/plugins/cropper/js/cropper.min.js]
[html.codedthemes.com/flash-able/bootstrap/assets/js/pages/page-croper.js]
[html.codedthemes.com/flash-able/bootstrap/default/image_crop.html]
[html.codedthemes.com/flash-able/bootstrap/assets/images/grid1/set1/1.jpg]
[html.codedthemes.com/flash-able/bootstrap/assets/images/grid1/set1/2.jpg]
[html.codedthemes.com/flash-able/bootstrap/assets/images/grid1/set1/3.jpg]
[html.codedthemes.com/flash-able/bootstrap/assets/images/grid1/set1/4.jpg]
[html.codedthemes.com/flash-able/bootstrap/assets/images/grid1/set1/5.jpg]
[html.codedthemes.com/flash-able/bootstrap/assets/images/grid1/set1/6.jpg]
[html.codedthemes.com/flash-able/bootstrap/assets/images/grid1/set1/7.jpg]
[html.codedthemes.com/flash-able/bootstrap/assets/images/grid1/set1/8.jpg]
[html.codedthemes.com/flash-able/bootstrap/assets/images/grid1/set1/9.jpg]
[html.codedthemes.com/flash-able/bootstrap/assets/images/grid1/set1/10.jpg]
[html.codedthemes.com/flash-able/bootstrap/assets/images/grid1/set1/11.jpg]
[html.codedthemes.com/flash-able/bootstrap/assets/images/grid1/set3/1.jpg]
[html.codedthemes.com/flash-able/bootstrap/assets/images/grid1/set3/2.jpg]
[html.codedthemes.com/flash-able/bootstrap/assets/images/grid1/set3/3.jpg]
[html.codedthemes.com/flash-able/bootstrap/assets/images/grid1/set3/4.jpg]
[html.codedthemes.com/flash-able/bootstrap/assets/images/grid1/set3/5.jpg]
[html.codedthemes.com/flash-able/bootstrap/assets/images/grid1/set3/6.jpg]
[html.codedthemes.com/flash-able/bootstrap/assets/images/grid1/set3/10.jpg]
[html.codedthemes.com/flash-able/bootstrap/assets/images/grid1/set3/11.jpg]
[html.codedthemes.com/flash-able/bootstrap/assets/images/grid1/set3/7.jpg]
[html.codedthemes.com/flash-able/bootstrap/assets/images/grid1/set3/8.jpg]
[html.codedthemes.com/flash-able/bootstrap/assets/images/grid1/set3/9.jpg]
[html.codedthemes.com/flash-able/bootstrap/assets/js/pages/grid-animation/imagesloaded.pkgd.min.js]
[html.codedthemes.com/flash-able/bootstrap/assets/js/pages/grid-animation/masonry.pkgd.min.js]
[html.codedthemes.com/flash-able/bootstrap/assets/js/pages/grid-animation/anime.min.js]
[html.codedthemes.com/flash-able/bootstrap/assets/js/pages/grid-animation/main.js]
[html.codedthemes.com/flash-able/bootstrap/default/grid-animation.html]
[html.codedthemes.com/flash-able/bootstrap/assets/js/pages/minimal-form/modernizr.custom.js]
[html.codedthemes.com/flash-able/bootstrap/assets/js/pages/minimal-form/classie.js]
[html.codedthemes.com/flash-able/bootstrap/assets/js/pages/minimal-form/stepsForm.js]
[html.codedthemes.com/flash-able/bootstrap/default/minimal-form.html]
[html.codedthemes.com/flash-able/bootstrap/default/sample-page.html]
[html.codedthemes.com/flash-able/bootstrap/assets/plugins/bootstrap/css/bootstrap.min.css]
[html.codedthemes.com/flash-able/bootstrap/assets/fonts/feather/css/feather.css]
[html.codedthemes.com/flash-able/bootstrap/assets/plugins/jquery-scrollbar/css/perfect-scrollbar.css]
[html.codedthemes.com/flash-able/bootstrap/assets/fonts/datta/fonts/pct.eot]
[html.codedthemes.com/flash-able/bootstrap/assets/fonts/datta/fonts/pctd41d.eot]
[html.codedthemes.com/flash-able/bootstrap/assets/fonts/datta/fonts/pct.woff]
[html.codedthemes.com/flash-able/bootstrap/assets/fonts/datta/fonts/pct.ttf]
[html.codedthemes.com/flash-able/bootstrap/assets/fonts/datta/datta-icon.css]
[html.codedthemes.com/flash-able/bootstrap/assets/images/nav-bg/navbar-img-6.html]
[html.codedthemes.com/flash-able/bootstrap/assets/plugins/ratting/css/bars-1to10.css]
[html.codedthemes.com/flash-able/bootstrap/assets/plugins/prism/css/prism.min.css]
[html.codedthemes.com/flash-able/bootstrap/default/dashboard-crypto.html]
[html.codedthemes.com/flash-able/bootstrap/assets/css/layouts/rtl.css]
[html.codedthemes.com/flash-able/bootstrap/assets/css/layouts/dark.css]
[html.codedthemes.com/flash-able/bootstrap/assets/plugins/owl-carousel/css/owl.carousel.min.css]
[html.codedthemes.com/flash-able/bootstrap/assets/plugins/bootstrap-datetimepicker/css/bootstrap-datepicker3.min.css]
[html.codedthemes.com/flash-able/bootstrap/assets/images/complete.png]
[html.codedthemes.com/flash-able/bootstrap/assets/css/pages/pages.css]
[html.codedthemes.com/flash-able/bootstrap/assets/plugins/gridstack/css/gridstack.min.css]
[html.codedthemes.com/flash-able/bootstrap/assets/css/pages/gridstack.css]
[html.codedthemes.com/flash-able/bootstrap/assets/plugins/ekko-lightbox/css/ekko-lightbox.min.css]
[html.codedthemes.com/flash-able/bootstrap/assets/plugins/lightbox2-master/images/loading.gif]
[html.codedthemes.com/flash-able/bootstrap/assets/plugins/lightbox2-master/css/lightbox.min.css]
[html.codedthemes.com/flash-able/bootstrap/assets/plugins/modal-window-effects/css/md-modal.css]
[html.codedthemes.com/flash-able/bootstrap/assets/plugins/nestable-master/css/nestable.min.css]
[html.codedthemes.com/flash-able/bootstrap/assets/plugins/pnotify/css/pnotify.custom.min.css]
[html.codedthemes.com/flash-able/bootstrap/assets/css/pages/pnotify.css]
[html.codedthemes.com/flash-able/bootstrap/assets/plugins/ratting/css/bars-horizontal.css]
[html.codedthemes.com/flash-able/bootstrap/assets/plugins/ratting/css/bars-movie.css]
[html.codedthemes.com/flash-able/bootstrap/assets/plugins/ratting/css/bars-pill.css]
[html.codedthemes.com/flash-able/bootstrap/assets/plugins/ratting/css/bars-reversed.css]
[html.codedthemes.com/flash-able/bootstrap/assets/plugins/ratting/css/bars-square.css]
[html.codedthemes.com/flash-able/bootstrap/assets/plugins/ratting/css/bootstrap-stars.css]
[html.codedthemes.com/flash-able/bootstrap/assets/plugins/ratting/css/css-stars.css]
[html.codedthemes.com/flash-able/bootstrap/assets/plugins/ratting/css/fontawesome-stars.css]
[html.codedthemes.com/flash-able/bootstrap/assets/plugins/ratting/css/fontawesome-stars-o.css]
[html.codedthemes.com/flash-able/bootstrap/assets/plugins/range-slider/css/bootstrap-slider.min.css]
[html.codedthemes.com/flash-able/bootstrap/assets/css/pages/rangeslider.css]
[html.codedthemes.com/flash-able/bootstrap/assets/plugins/owl-carousel/css/owl.theme.default.min.css]
[html.codedthemes.com/flash-able/bootstrap/assets/plugins/enjoyhint/css/Casino_Hand/casino_hand-webfont.eot]
[html.codedthemes.com/flash-able/bootstrap/assets/plugins/enjoyhint/css/Casino_Hand/casino_hand-webfont.woff]
[html.codedthemes.com/flash-able/bootstrap/assets/plugins/enjoyhint/css/Casino_Hand/casino_hand-webfontd41d.eot]
[html.codedthemes.com/flash-able/bootstrap/assets/plugins/enjoyhint/css/Casino_Hand/casino_hand-webfont.ttf]
[html.codedthemes.com/flash-able/bootstrap/assets/plugins/enjoyhint/css/enjoyhint.css]
[html.codedthemes.com/flash-able/bootstrap/assets/plugins/jstree/css/style.min.css]
[html.codedthemes.com/flash-able/bootstrap/assets/plugins/toolbar/css/jquery.toolbar.css]
[html.codedthemes.com/flash-able/bootstrap/assets/css/pages/timeline.css]
[html.codedthemes.com/flash-able/bootstrap/assets/css/pages/timeline/component.css]
[html.codedthemes.com/flash-able/bootstrap/assets/plugins/offline/css/offline-theme-slide.css]
[html.codedthemes.com/flash-able/bootstrap/assets/plugins/offline/css/offline-language-english.css]
[html.codedthemes.com/flash-able/bootstrap/assets/fonts/flag/css/flag-icon.min.css]
[html.codedthemes.com/flash-able/bootstrap/assets/fonts/material/css/materialdesignicons.min.css]
[html.codedthemes.com/flash-able/bootstrap/assets/fonts/simple-line-icons/css/simple-line-icons.css]
[html.codedthemes.com/flash-able/bootstrap/assets/fonts/themify/fonts/themify9f24.eot]
[html.codedthemes.com/flash-able/bootstrap/assets/fonts/themify/fonts/themifyd41d.eot]
[html.codedthemes.com/flash-able/bootstrap/assets/fonts/themify/fonts/themify9f24.woff]
[html.codedthemes.com/flash-able/bootstrap/assets/fonts/themify/fonts/themify9f24.ttf]
[html.codedthemes.com/flash-able/bootstrap/assets/fonts/themify/themify.css]
[html.codedthemes.com/flash-able/bootstrap/assets/plugins/bootstrap-tagsinput-latest/css/bootstrap-tagsinput.css]
[html.codedthemes.com/flash-able/bootstrap/assets/plugins/smart-wizard/css/smart_wizard.min.css]
[html.codedthemes.com/flash-able/bootstrap/assets/plugins/smart-wizard/css/smart_wizard_theme_arrows.min.css]
[html.codedthemes.com/flash-able/bootstrap/assets/plugins/smart-wizard/css/smart_wizard_theme_circles.min.css]
[html.codedthemes.com/flash-able/bootstrap/assets/plugins/smart-wizard/css/smart_wizard_theme_dots.min.css]
[html.codedthemes.com/flash-able/bootstrap/assets/plugins/material-datetimepicker/css/bootstrap-material-datetimepicker.css]
[html.codedthemes.com/flash-able/bootstrap/assets/plugins/mini-color/css/jquery.minicolors.png]
[html.codedthemes.com/flash-able/bootstrap/assets/plugins/mini-color/css/jquery.minicolors.css]
[html.codedthemes.com/flash-able/bootstrap/assets/plugins/select2/css/select2.min.css]
[html.codedthemes.com/flash-able/bootstrap/assets/plugins/multi-select/img/switch.png]
[html.codedthemes.com/flash-able/bootstrap/assets/plugins/multi-select/css/multi-select.css]
[html.codedthemes.com/flash-able/bootstrap/assets/plugins/data-tables/css/datatables.min.css]
[html.codedthemes.com/flash-able/bootstrap/assets/plugins/data-tables/css/select.dataTables.min.css]
[html.codedthemes.com/flash-able/bootstrap/assets/plugins/footable/css/footable.bootstrap.min.css]
[html.codedthemes.com/flash-able/bootstrap/assets/plugins/footable/css/footable.standalone.min.css]
[echarts.baidu.com/echarts2/doc/example/timelineOption.js]
[html.codedthemes.com/flash-able/bootstrap/assets/plugins/chart-morris/css/morris.css]
[html.codedthemes.com/flash-able/bootstrap/assets/plugins/chart-nvd3/css/nv.d3.min.css]
[html.codedthemes.com/flash-able/bootstrap/assets/plugins/vector-maps/css/jquery-jvectormap-2.0.2.css]
[cdn.leafletjs.com/leaflet/v1.0.2/images/layers.png]
[cdn.leafletjs.com/leaflet/v1.0.2/images/layers-2x.png]
[cdn.leafletjs.com/leaflet/v1.0.2/images/marker-icon.png]
[cdn.leafletjs.com/leaflet/v1.0.2/leaflet.css]
[api.tiles.mapbox.com/mapbox-gl-js/v0.28.0/mapbox-gl.css]
[cdnjs.cloudflare.com/ajax/libs/leaflet.markercluster/1.0.0/MarkerCluster.css]
[cdnjs.cloudflare.com/ajax/libs/leaflet.markercluster/1.0.0/MarkerCluster.Default.css]
[www.mapbox.com/files/assets/data/realworld.388.html]
[html.codedthemes.com/flash-able/bootstrap/default/extra-pages/landingpage/assets/css/bootstrap.min.css]
[html.codedthemes.com/flash-able/bootstrap/default/extra-pages/landingpage/assets/css/animate.css]
[html.codedthemes.com/flash-able/bootstrap/default/extra-pages/landingpage/assets/css/owl.carousel.css]
[html.codedthemes.com/flash-able/bootstrap/default/extra-pages/landingpage/assets/css/owl.theme.css]
[html.codedthemes.com/flash-able/bootstrap/default/extra-pages/landingpage/assets/css/magnific-popup.css]
[html.codedthemes.com/flash-able/bootstrap/default/extra-pages/landingpage/assets/css/animsition.min.css]
[html.codedthemes.com/flash-able/bootstrap/default/extra-pages/landingpage/assets/fonts/ionicons28b5.eot]
[html.codedthemes.com/flash-able/bootstrap/default/extra-pages/landingpage/assets/fonts/ionicons28b5.ttf]
[html.codedthemes.com/flash-able/bootstrap/default/extra-pages/landingpage/assets/fonts/ionicons28b5.woff]
[html.codedthemes.com/flash-able/bootstrap/default/extra-pages/landingpage/assets/css/ionicons.min.css]
[html.codedthemes.com/flash-able/bootstrap/default/extra-pages/landingpage/assets/images/hero3.jpg]
[html.codedthemes.com/flash-able/bootstrap/default/extra-pages/landingpage/assets/images/hero.jpg]
[html.codedthemes.com/flash-able/bootstrap/default/extra-pages/landingpage/assets/images/feature_bg.jpg]
[html.codedthemes.com/flash-able/bootstrap/default/extra-pages/landingpage/assets/images/iphone_hand_1.jpg]
[html.codedthemes.com/flash-able/bootstrap/default/extra-pages/landingpage/assets/css/style.css]
[html.codedthemes.com/flash-able/bootstrap/assets/css/pages/new-signup/base.css]
[html.codedthemes.com/flash-able/bootstrap/assets/css/pages/gallery.css]
[html.codedthemes.com/flash-able/bootstrap/assets/css/pages/search/demo.css]
[html.codedthemes.com/flash-able/bootstrap/assets/css/pages/search/style1.css]
[html.codedthemes.com/flash-able/bootstrap/assets/css/pages/search/style2.css]
[html.codedthemes.com/flash-able/bootstrap/assets/css/pages/search/style3.css]
[html.codedthemes.com/flash-able/bootstrap/assets/plugins/fullcalendar/css/fullcalendar.min.css]
[html.codedthemes.com/flash-able/bootstrap/assets/css/pages/fileupload.css]
[html.codedthemes.com/flash-able/bootstrap/assets/plugins/cropper/css/cropper.css]
[html.codedthemes.com/flash-able/bootstrap/default/cropped.html]
[html.codedthemes.com/flash-able/bootstrap/assets/css/pages/grid-animation/demo.css]
[html.codedthemes.com/flash-able/bootstrap/assets/css/pages/minimal-form/demo.css]
[html.codedthemes.com/flash-able/bootstrap/assets/css/pages/minimal-form/component.css]
[html.codedthemes.com/flash-able/bootstrap/assets/fonts/datta/fonts/pct.svg]
[html.codedthemes.com/flash-able/bootstrap/assets/plugins/owl-carousel/css/owl.video.play.html]
[html.codedthemes.com/flash-able/bootstrap/assets/plugins/enjoyhint/css/Casino_Hand/casino_hand-webfont.svg]
[html.codedthemes.com/flash-able/bootstrap/assets/fonts/themify/fonts/themify9f24.svg]
[html.codedthemes.com/flash-able/bootstrap/default/extra-pages/landingpage/assets/css/grabbing.html]
[html.codedthemes.com/flash-able/bootstrap/default/extra-pages/landingpage/assets/css/AjaxLoader.html]
[html.codedthemes.com/flash-able/bootstrap/default/extra-pages/landingpage/assets/fonts/ionicons28b5.svg]
[html.codedthemes.com/flash-able/bootstrap/default/extra-pages/landingpage/assets/logos/cart1.png]
[{s}.tile.osm.org/{z}/{x}/{y}.png]
