[theembazaar.com/demo/themesfolios/intellir/v1/demo/index.html]
[backblue.gif]
[fade.gif]
[index.html]
[theembazaar.com/demo/themesfolios/intellir/v1/demo/favicon.ico]
[theembazaar.com/demo/themesfolios/intellir/v1/demo/assets/js/index/morris-chart/morris.css]
[theembazaar.com/demo/themesfolios/intellir/v1/demo/assets/css/style.css]
[theembazaar.com/demo/themesfolios/intellir/v1/demo/assets/images/small-logo.png]
[theembazaar.com/demo/themesfolios/intellir/v1/demo/assets/images/logo2.png]
[theembazaar.com/demo/themesfolios/intellir/v1/demo/assets/images/about-1.jpg]
[theembazaar.com/demo/themesfolios/intellir/v1/demo/index-2.html]
[theembazaar.com/demo/themesfolios/intellir/v1/demo/alert.html]
[theembazaar.com/demo/themesfolios/intellir/v1/demo/buttons.html]
[theembazaar.com/demo/themesfolios/intellir/v1/demo/cards.html]
[theembazaar.com/demo/themesfolios/intellir/v1/demo/dropdown.html]
[theembazaar.com/demo/themesfolios/intellir/v1/demo/grid.html]
[theembazaar.com/demo/themesfolios/intellir/v1/demo/lists.html]
[theembazaar.com/demo/themesfolios/intellir/v1/demo/modal.html]
[theembazaar.com/demo/themesfolios/intellir/v1/demo/progress.html]
[theembazaar.com/demo/themesfolios/intellir/v1/demo/popover-tooltips.html]
[theembazaar.com/demo/themesfolios/intellir/v1/demo/typography.html]
[theembazaar.com/demo/themesfolios/intellir/v1/demo/tabs.html]
[theembazaar.com/demo/themesfolios/intellir/v1/demo/tree.html]
[theembazaar.com/demo/themesfolios/intellir/v1/demo/toastr.html]
[theembazaar.com/demo/themesfolios/intellir/v1/demo/portlet-base.html]
[theembazaar.com/demo/themesfolios/intellir/v1/demo/portlet-advanced.html]
[theembazaar.com/demo/themesfolios/intellir/v1/demo/widgets-chart.html]
[theembazaar.com/demo/themesfolios/intellir/v1/demo/calendar-basic.html]
[theembazaar.com/demo/themesfolios/intellir/v1/demo/widgets-base.html]
[theembazaar.com/demo/themesfolios/intellir/v1/demo/calendar-external-events.html]
[theembazaar.com/demo/themesfolios/intellir/v1/demo/calendar-list.html]
[theembazaar.com/demo/themesfolios/intellir/v1/demo/form-basic-input.html]
[theembazaar.com/demo/themesfolios/intellir/v1/demo/form-input-group.html]
[theembazaar.com/demo/themesfolios/intellir/v1/demo/form-checkbox-radio.html]
[theembazaar.com/demo/themesfolios/intellir/v1/demo/form-validation-basic.html]
[theembazaar.com/demo/themesfolios/intellir/v1/demo/form-wizard.html]
[theembazaar.com/demo/themesfolios/intellir/v1/demo/form-validation-jquery.html]
[theembazaar.com/demo/themesfolios/intellir/v1/demo/table-basic.html]
[theembazaar.com/demo/themesfolios/intellir/v1/demo/table-datatable.html]
[theembazaar.com/demo/themesfolios/intellir/v1/demo/table-datatable-show-hide.html]
[theembazaar.com/demo/themesfolios/intellir/v1/demo/table-datatable-ajax.html]
[theembazaar.com/demo/themesfolios/intellir/v1/demo/flot-chart.html]
[theembazaar.com/demo/themesfolios/intellir/v1/demo/echart.html]
[theembazaar.com/demo/themesfolios/intellir/v1/demo/morris-chart.html]
[theembazaar.com/demo/themesfolios/intellir/v1/demo/profile.html]
[theembazaar.com/demo/themesfolios/intellir/v1/demo/page-login.html]
[theembazaar.com/demo/themesfolios/intellir/v1/demo/page-register.html]
[theembazaar.com/demo/themesfolios/intellir/v1/demo/invoice.html]
[theembazaar.com/demo/themesfolios/intellir/v1/demo/page_404.html]
[theembazaar.com/demo/themesfolios/intellir/v1/demo/assets/images/img1.jpg]
[theembazaar.com/demo/themesfolios/intellir/v1/demo/assets/images/img2.jpg]
[theembazaar.com/demo/themesfolios/intellir/v1/demo/assets/js/jquery.min.js]
[theembazaar.com/demo/themesfolios/intellir/v1/demo/assets/js/popper.min.js]
[theembazaar.com/demo/themesfolios/intellir/v1/demo/assets/js/bootstrap.min.js]
[theembazaar.com/demo/themesfolios/intellir/v1/demo/assets/js/jquery.mCustomScrollbar.concat.min.js]
[theembazaar.com/demo/themesfolios/intellir/v1/demo/assets/js/index/morris-chart/morris.js]
[theembazaar.com/demo/themesfolios/intellir/v1/demo/assets/js/index/morris-chart/morris-init.js]
[theembazaar.com/demo/themesfolios/intellir/v1/demo/assets/js/Chart.min.js]
[theembazaar.com/demo/themesfolios/intellir/v1/demo/assets/js/index/morris-chart/raphael-min.js]
[theembazaar.com/demo/themesfolios/intellir/v1/demo/assets/js/chartjs-init.js]
[theembazaar.com/demo/themesfolios/intellir/v1/demo/assets/js/jquery.dcjqaccordion.2.7.js]
[theembazaar.com/demo/themesfolios/intellir/v1/demo/assets/js/custom.js]
[theembazaar.com/demo/themesfolios/intellir/v1/demo/index.html]
[theembazaar.com/demo/themesfolios/intellir/v1/demo/assets/css/bootstrap.min.css]
[theembazaar.com/demo/themesfolios/intellir/v1/demo/assets/fonts/fontawesome-webfont3e6e3e6e.eot]
[theembazaar.com/demo/themesfolios/intellir/v1/demo/assets/fonts/fontawesome-webfontd41dd41d.eot]
[theembazaar.com/demo/themesfolios/intellir/v1/demo/assets/fonts/fontawesome-webfont3e6e3e6e.html]
[theembazaar.com/demo/themesfolios/intellir/v1/demo/assets/fonts/fontawesome-webfont3e6e3e6e.woff]
[theembazaar.com/demo/themesfolios/intellir/v1/demo/assets/fonts/fontawesome-webfont3e6e3e6e.ttf]
[theembazaar.com/demo/themesfolios/intellir/v1/demo/assets/css/font-awesome.min.css]
[theembazaar.com/demo/themesfolios/intellir/v1/demo/assets/fonts/ionicons28b5.eot]
[theembazaar.com/demo/themesfolios/intellir/v1/demo/assets/fonts/ionicons28b5.ttf]
[theembazaar.com/demo/themesfolios/intellir/v1/demo/assets/fonts/ionicons28b5.woff]
[theembazaar.com/demo/themesfolios/intellir/v1/demo/assets/css/ionicons.css]
[theembazaar.com/demo/themesfolios/intellir/v1/demo/assets/fonts/Simple-Line-Iconsb26c.eot]
[theembazaar.com/demo/themesfolios/intellir/v1/demo/assets/fonts/Simple-Line-Iconsb26c.woff2]
[theembazaar.com/demo/themesfolios/intellir/v1/demo/assets/fonts/Simple-Line-Iconsb26c.ttf]
[theembazaar.com/demo/themesfolios/intellir/v1/demo/assets/fonts/Simple-Line-Iconsb26c.woff]
[theembazaar.com/demo/themesfolios/intellir/v1/demo/assets/css/simple-line-icons.css]
[theembazaar.com/demo/themesfolios/intellir/v1/demo/assets/css/jquery.mCustomScrollbar.css]
[theembazaar.com/demo/themesfolios/intellir/v1/demo/assets/fonts/weathericons-regular-webfont.eot]
[theembazaar.com/demo/themesfolios/intellir/v1/demo/assets/fonts/weathericons-regular-webfontd41dd41d.eot]
[theembazaar.com/demo/themesfolios/intellir/v1/demo/assets/fonts/weathericons-regular-webfont.woff]
[theembazaar.com/demo/themesfolios/intellir/v1/demo/assets/fonts/weathericons-regular-webfont.ttf]
[theembazaar.com/demo/themesfolios/intellir/v1/demo/assets/css/weather-icons.min.css]
[theembazaar.com/demo/themesfolios/intellir/v1/demo/assets/js/index/morris-chart/morris.css]
[theembazaar.com/demo/themesfolios/intellir/v1/demo/assets/images/01_800x150.jpg]
[theembazaar.com/demo/themesfolios/intellir/v1/demo/assets/css/style.css]
[theembazaar.com/demo/themesfolios/intellir/v1/demo/assets/css/responsive.css]
[theembazaar.com/demo/themesfolios/intellir/v1/demo/lock_screen.html]
[theembazaar.com/demo/themesfolios/intellir/v1/demo/index-2.html]
[theembazaar.com/demo/themesfolios/intellir/v1/demo/alert.html]
[theembazaar.com/demo/themesfolios/intellir/v1/demo/buttons.html]
[theembazaar.com/demo/themesfolios/intellir/v1/demo/assets/images/product_img.jpg]
[theembazaar.com/demo/themesfolios/intellir/v1/demo/assets/images/product_2.jpg]
[theembazaar.com/demo/themesfolios/intellir/v1/demo/assets/images/product_3.jpg]
[theembazaar.com/demo/themesfolios/intellir/v1/demo/assets/images/product_4.jpg]
[theembazaar.com/demo/themesfolios/intellir/v1/demo/assets/images/product_5.jpg]
[theembazaar.com/demo/themesfolios/intellir/v1/demo/assets/images/product_7.jpg]
[theembazaar.com/demo/themesfolios/intellir/v1/demo/assets/images/product_6.jpg]
[theembazaar.com/demo/themesfolios/intellir/v1/demo/assets/images/product_8.jpg]
[theembazaar.com/demo/themesfolios/intellir/v1/demo/cards.html]
[theembazaar.com/demo/themesfolios/intellir/v1/demo/dropdown.html]
[theembazaar.com/demo/themesfolios/intellir/v1/demo/grid.html]
[theembazaar.com/demo/themesfolios/intellir/v1/demo/assets/images/user1.png]
[theembazaar.com/demo/themesfolios/intellir/v1/demo/assets/images/user2.png]
[theembazaar.com/demo/themesfolios/intellir/v1/demo/assets/images/user3.png]
[theembazaar.com/demo/themesfolios/intellir/v1/demo/lists.html]
[theembazaar.com/demo/themesfolios/intellir/v1/demo/modal.html]
[theembazaar.com/demo/themesfolios/intellir/v1/demo/progress.html]
[theembazaar.com/demo/themesfolios/intellir/v1/demo/popover-tooltips.html]
[theembazaar.com/demo/themesfolios/intellir/v1/demo/typography.html]
[theembazaar.com/demo/themesfolios/intellir/v1/demo/tabs.html]
[theembazaar.com/demo/themesfolios/intellir/v1/demo/assets/js/jquery-ui.min.js]
[theembazaar.com/demo/themesfolios/intellir/v1/demo/assets/js/jstree.min.js]
[theembazaar.com/demo/themesfolios/intellir/v1/demo/tree.html]
[theembazaar.com/demo/themesfolios/intellir/v1/demo/toastr.html]
[theembazaar.com/demo/themesfolios/intellir/v1/demo/portlet-base.html]
[theembazaar.com/demo/themesfolios/intellir/v1/demo/portlet-advanced.html]
[theembazaar.com/demo/themesfolios/intellir/v1/demo/icon-font-awesome.html]
[theembazaar.com/demo/themesfolios/intellir/v1/demo/icon-simple-line.html]
[theembazaar.com/demo/themesfolios/intellir/v1/demo/assets/images/user.png]
[theembazaar.com/demo/themesfolios/intellir/v1/demo/assets/images/user4.png]
[theembazaar.com/demo/themesfolios/intellir/v1/demo/assets/images/user5.png]
[theembazaar.com/demo/themesfolios/intellir/v1/demo/widgets-base.html]
[theembazaar.com/demo/themesfolios/intellir/v1/demo/assets/js/chartjs-init-alt.js]
[theembazaar.com/demo/themesfolios/intellir/v1/demo/assets/js/jquery.sparkline.js]
[theembazaar.com/demo/themesfolios/intellir/v1/demo/assets/js/sparkline-init.js]
[theembazaar.com/demo/themesfolios/intellir/v1/demo/assets/js/jquery.easy-pie-chart.js]
[theembazaar.com/demo/themesfolios/intellir/v1/demo/assets/js/easy-pie-chart-init.js]
[theembazaar.com/demo/themesfolios/intellir/v1/demo/assets/js/jquery-jvectormap-1.2.2.min.js]
[theembazaar.com/demo/themesfolios/intellir/v1/demo/assets/js/jquery-jvectormap-world-mill-en.js]
[theembazaar.com/demo/themesfolios/intellir/v1/demo/assets/js/vmap-init.js]
[theembazaar.com/demo/themesfolios/intellir/v1/demo/assets/js/underscore-min.js]
[theembazaar.com/demo/themesfolios/intellir/v1/demo/assets/js/moment.min.js]
[theembazaar.com/demo/themesfolios/intellir/v1/demo/assets/js/accounting.min.js]
[theembazaar.com/demo/themesfolios/intellir/v1/demo/assets/js/custom-chart-init.js]
[theembazaar.com/demo/themesfolios/intellir/v1/demo/widgets-chart.html]
[theembazaar.com/demo/themesfolios/intellir/v1/demo/assets/js/fullcalendar.js]
[theembazaar.com/demo/themesfolios/intellir/v1/demo/assets/js/calendar-basic-init.js]
[theembazaar.com/demo/themesfolios/intellir/v1/demo/calendar-basic.html]
[theembazaar.com/demo/themesfolios/intellir/v1/demo/assets/js/calendar-external-events-init.js]
[theembazaar.com/demo/themesfolios/intellir/v1/demo/calendar-external-events.html]
[theembazaar.com/demo/themesfolios/intellir/v1/demo/assets/js/calendar-list-init.js]
[theembazaar.com/demo/themesfolios/intellir/v1/demo/calendar-list.html]
[theembazaar.com/demo/themesfolios/intellir/v1/demo/form-basic-input.html]
[theembazaar.com/demo/themesfolios/intellir/v1/demo/form-input-group.html]
[theembazaar.com/demo/themesfolios/intellir/v1/demo/form-checkbox-radio.html]
[theembazaar.com/demo/themesfolios/intellir/v1/demo/form-validation-basic.html]
[theembazaar.com/demo/themesfolios/intellir/v1/demo/assets/js/jquery.validate.js]
[theembazaar.com/demo/themesfolios/intellir/v1/demo/assets/js/jquery-validate-init.js]
[theembazaar.com/demo/themesfolios/intellir/v1/demo/form-validation-jquery.html]
[theembazaar.com/demo/themesfolios/intellir/v1/demo/assets/js/form-wizard-init.js]
[theembazaar.com/demo/themesfolios/intellir/v1/demo/assets/js/jquery.steps.min.js]
[theembazaar.com/demo/themesfolios/intellir/v1/demo/assets/js/jquery.stepy.js]
[theembazaar.com/demo/themesfolios/intellir/v1/demo/form-wizard.html]
[theembazaar.com/demo/themesfolios/intellir/v1/demo/table-basic.html]
[theembazaar.com/demo/themesfolios/intellir/v1/demo/assets/js/jquery.dataTables.min.js]
[theembazaar.com/demo/themesfolios/intellir/v1/demo/assets/js/dataTables.bootstrap4.min.js]
[theembazaar.com/demo/themesfolios/intellir/v1/demo/table-datatable.html]
[theembazaar.com/demo/themesfolios/intellir/v1/demo/table-datatable-show-hide.html]
[theembazaar.com/demo/themesfolios/intellir/v1/demo/table-datatable-ajax.html]
[theembazaar.com/demo/themesfolios/intellir/v1/demo/assets/js/flot-chart/jquery.flot.js]
[theembazaar.com/demo/themesfolios/intellir/v1/demo/assets/js/flot-chart/jquery.flot.tooltip.min.js]
[theembazaar.com/demo/themesfolios/intellir/v1/demo/assets/js/flot-chart/jquery.flot.resize.js]
[theembazaar.com/demo/themesfolios/intellir/v1/demo/assets/js/flot-chart/jquery.flot.pie.js]
[theembazaar.com/demo/themesfolios/intellir/v1/demo/assets/js/flot-chart/jquery.flot.stack.js]
[theembazaar.com/demo/themesfolios/intellir/v1/demo/assets/js/flot-chart/jquery.flot.crosshair.js]
[theembazaar.com/demo/themesfolios/intellir/v1/demo/assets/js/flot-chart/jquery.flot.time.js]
[theembazaar.com/demo/themesfolios/intellir/v1/demo/assets/js/flot-chart-init.js]
[theembazaar.com/demo/themesfolios/intellir/v1/demo/flot-chart.html]
[theembazaar.com/demo/themesfolios/intellir/v1/demo/assets/js/echarts/echarts-all-3.js]
[theembazaar.com/demo/themesfolios/intellir/v1/demo/assets/js/echarts/init-echarts.js]
[theembazaar.com/demo/themesfolios/intellir/v1/demo/echart.html]
[theembazaar.com/demo/themesfolios/intellir/v1/demo/assets/js/morris-chart/morris.js]
[theembazaar.com/demo/themesfolios/intellir/v1/demo/assets/js/morris-chart/raphael-min.js]
[theembazaar.com/demo/themesfolios/intellir/v1/demo/assets/js/morris-init.js]
[theembazaar.com/demo/themesfolios/intellir/v1/demo/morris-chart.html]
[theembazaar.com/demo/themesfolios/intellir/v1/demo/assets/images/01_150x150.png]
[theembazaar.com/demo/themesfolios/intellir/v1/demo/assets/images/01_40x40.png]
[theembazaar.com/demo/themesfolios/intellir/v1/demo/assets/images/01.jpg]
[theembazaar.com/demo/themesfolios/intellir/v1/demo/assets/images/02.jpg]
[theembazaar.com/demo/themesfolios/intellir/v1/demo/assets/images/03.jpg]
[theembazaar.com/demo/themesfolios/intellir/v1/demo/assets/images/04.jpg]
[theembazaar.com/demo/themesfolios/intellir/v1/demo/profile.html]
[theembazaar.com/demo/themesfolios/intellir/v1/demo/assets/images/logo.png]
[theembazaar.com/demo/themesfolios/intellir/v1/demo/page-login.html]
[theembazaar.com/demo/themesfolios/intellir/v1/demo/page-register.html]
[theembazaar.com/demo/themesfolios/intellir/v1/demo/invoice.html]
[theembazaar.com/demo/themesfolios/intellir/v1/demo/page_404.html]
[theembazaar.com/demo/themesfolios/intellir/v1/demo/assets/fonts/fontawesome-webfont3e6e3e6e.html]
[theembazaar.com/demo/themesfolios/intellir/v1/demo/assets/fonts/fontawesome-webfont3e6e3e6e.svg]
[theembazaar.com/demo/themesfolios/intellir/v1/demo/assets/fonts/ionicons28b5.svg]
[theembazaar.com/demo/themesfolios/intellir/v1/demo/assets/fonts/Simple-Line-Iconsb26c.svg]
[theembazaar.com/demo/themesfolios/intellir/v1/demo/assets/css/mCSB_buttons.html]
[theembazaar.com/demo/themesfolios/intellir/v1/demo/assets/fonts/weathericons-regular-webfont.html]
[theembazaar.com/demo/themesfolios/intellir/v1/demo/assets/fonts/weathericons-regular-webfont.svg]
[theembazaar.com/demo/themesfolios/intellir/v1/demo/assets/images/check.svg]
[theembazaar.com/demo/themesfolios/intellir/v1/demo/assets/images/radio.svg]
[theembazaar.com/demo/themesfolios/intellir/v1/demo/assets/images/32px.png]
[theembazaar.com/demo/themesfolios/intellir/v1/demo/assets/images/throbber.gif]
[theembazaar.com/demo/themesfolios/intellir/v1/demo/assets/css/tree.css]
[theembazaar.com/demo/themesfolios/intellir/v1/demo/assets/css/jquery.easy-pie-chart.css]
[theembazaar.com/demo/themesfolios/intellir/v1/demo/assets/css/fullcalendar.css]
[theembazaar.com/demo/themesfolios/intellir/v1/demo/assets/css/semantic.min.css]
[theembazaar.com/demo/themesfolios/intellir/v1/demo/assets/css/animate.min.css]
[theembazaar.com/demo/themesfolios/intellir/v1/demo/assets/css/jquery.steps.css]
[theembazaar.com/demo/themesfolios/intellir/v1/demo/assets/css/dataTables.bootstrap4.min.css]
[theembazaar.com/demo/themesfolios/intellir/v1/demo/assets/js/morris-chart/morris.css]
[theembazaar.com/demo/themesfolios/intellir/v1/demo/assets/css/40px.html]
